Component: Arm Compiler for Embedded 6.22 Tool: armlink [5ee90200]

==============================================================================

Section Cross References

    startup_stm32f103xb.o(RESET) refers to startup_stm32f103xb.o(STACK) for __initial_sp
    startup_stm32f103xb.o(RESET) refers to startup_stm32f103xb.o(.text) for Reset_Handler
    startup_stm32f103xb.o(RESET) refers to stm32f1xx_it.o(.text.NMI_Handler) for NMI_Handler
    startup_stm32f103xb.o(RESET) refers to stm32f1xx_it.o(.text.HardFault_Handler) for HardFault_Handler
    startup_stm32f103xb.o(RESET) refers to stm32f1xx_it.o(.text.MemManage_Handler) for MemManage_Handler
    startup_stm32f103xb.o(RESET) refers to stm32f1xx_it.o(.text.BusFault_Handler) for BusFault_Handler
    startup_stm32f103xb.o(RESET) refers to stm32f1xx_it.o(.text.UsageFault_Handler) for UsageFault_Handler
    startup_stm32f103xb.o(RESET) refers to stm32f1xx_it.o(.text.SVC_Handler) for SVC_Handler
    startup_stm32f103xb.o(RESET) refers to stm32f1xx_it.o(.text.DebugMon_Handler) for DebugMon_Handler
    startup_stm32f103xb.o(RESET) refers to stm32f1xx_it.o(.text.PendSV_Handler) for PendSV_Handler
    startup_stm32f103xb.o(RESET) refers to stm32f1xx_it.o(.text.SysTick_Handler) for SysTick_Handler
    startup_stm32f103xb.o(RESET) refers to stm32f1xx_it.o(.text.DMA1_Channel1_IRQHandler) for DMA1_Channel1_IRQHandler
    startup_stm32f103xb.o(RESET) refers to stm32f1xx_it.o(.text.TIM1_UP_IRQHandler) for TIM1_UP_IRQHandler
    startup_stm32f103xb.o(RESET) refers to stm32f1xx_it.o(.text.EXTI15_10_IRQHandler) for EXTI15_10_IRQHandler
    startup_stm32f103xb.o(.text) refers to system_stm32f1xx.o(.text.SystemInit) for SystemInit
    startup_stm32f103xb.o(.text) refers to entry.o(.ARM.Collect$$$$00000000) for __main
    main.o(.text.HAL_TIM_PeriodElapsedCallback) refers to main.o(.bss.MCR_robot) for MCR_robot
    main.o(.text.HAL_TIM_PeriodElapsedCallback) refers to robot.o(.text.timer_handle) for timer_handle
    main.o(.ARM.exidx.text.HAL_TIM_PeriodElapsedCallback) refers to main.o(.text.HAL_TIM_PeriodElapsedCallback) for [Anonymous Symbol]
    main.o(.text.main) refers to stm32f1xx_hal.o(.text.HAL_Init) for HAL_Init
    main.o(.text.main) refers to stm32f1xx_hal_rcc.o(.text.HAL_RCC_OscConfig) for HAL_RCC_OscConfig
    main.o(.text.main) refers to stm32f1xx_hal_rcc.o(.text.HAL_RCC_ClockConfig) for HAL_RCC_ClockConfig
    main.o(.text.main) refers to stm32f1xx_hal_rcc_ex.o(.text.HAL_RCCEx_PeriphCLKConfig) for HAL_RCCEx_PeriphCLKConfig
    main.o(.text.main) refers to stm32f1xx_hal_gpio.o(.text.HAL_GPIO_WritePin) for HAL_GPIO_WritePin
    main.o(.text.main) refers to stm32f1xx_hal_gpio.o(.text.HAL_GPIO_Init) for HAL_GPIO_Init
    main.o(.text.main) refers to stm32f1xx_hal_cortex.o(.text.HAL_NVIC_SetPriority) for HAL_NVIC_SetPriority
    main.o(.text.main) refers to stm32f1xx_hal_cortex.o(.text.HAL_NVIC_EnableIRQ) for HAL_NVIC_EnableIRQ
    main.o(.text.main) refers to main.o(.bss.htim3) for htim3
    main.o(.text.main) refers to stm32f1xx_hal_tim.o(.text.HAL_TIM_PWM_Init) for HAL_TIM_PWM_Init
    main.o(.text.main) refers to stm32f1xx_hal_tim_ex.o(.text.HAL_TIMEx_MasterConfigSynchronization) for HAL_TIMEx_MasterConfigSynchronization
    main.o(.text.main) refers to stm32f1xx_hal_tim.o(.text.HAL_TIM_PWM_ConfigChannel) for HAL_TIM_PWM_ConfigChannel
    main.o(.text.main) refers to stm32f1xx_hal_msp.o(.text.HAL_TIM_MspPostInit) for HAL_TIM_MspPostInit
    main.o(.text.main) refers to main.o(.bss.htim2) for htim2
    main.o(.text.main) refers to main.o(.bss.htim1) for htim1
    main.o(.text.main) refers to stm32f1xx_hal_tim.o(.text.HAL_TIM_Base_Init) for HAL_TIM_Base_Init
    main.o(.text.main) refers to stm32f1xx_hal_tim.o(.text.HAL_TIM_ConfigClockSource) for HAL_TIM_ConfigClockSource
    main.o(.text.main) refers to main.o(.bss.htim4) for htim4
    main.o(.text.main) refers to main.o(.bss..L_MergedGlobals) for .L_MergedGlobals
    main.o(.text.main) refers to stm32f1xx_hal_adc.o(.text.HAL_ADC_Init) for HAL_ADC_Init
    main.o(.text.main) refers to stm32f1xx_hal_adc.o(.text.HAL_ADC_ConfigChannel) for HAL_ADC_ConfigChannel
    main.o(.text.main) refers to main.o(.bss.MCR_robot) for MCR_robot
    main.o(.text.main) refers to main.o(.data.htim) for htim
    main.o(.text.main) refers to robot.o(.text.robot_init) for robot_init
    main.o(.text.main) refers to stm32f1xx_hal_tim.o(.text.HAL_TIM_Base_Start_IT) for HAL_TIM_Base_Start_IT
    main.o(.text.main) refers to robot.o(.text.loop) for loop
    main.o(.ARM.exidx.text.main) refers to main.o(.text.main) for [Anonymous Symbol]
    main.o(.text.SystemClock_Config) refers to stm32f1xx_hal_rcc.o(.text.HAL_RCC_OscConfig) for HAL_RCC_OscConfig
    main.o(.text.SystemClock_Config) refers to stm32f1xx_hal_rcc.o(.text.HAL_RCC_ClockConfig) for HAL_RCC_ClockConfig
    main.o(.text.SystemClock_Config) refers to stm32f1xx_hal_rcc_ex.o(.text.HAL_RCCEx_PeriphCLKConfig) for HAL_RCCEx_PeriphCLKConfig
[...]
    Removing stm32f1xx_hal_tim.o(.ARM.exidx.text.HAL_TIM_DMABurst_WriteStop), (8 bytes).
    Removing stm32f1xx_hal_tim.o(.text.HAL_TIM_DMABurst_ReadStart), (28 bytes).
    Removing stm32f1xx_hal_tim.o(.ARM.exidx.text.HAL_TIM_DMABurst_ReadStart), (8 bytes).
    Removing stm32f1xx_hal_tim.o(.text.HAL_TIM_DMABurst_MultiReadStart), (628 bytes).
    Removing stm32f1xx_hal_tim.o(.ARM.exidx.text.HAL_TIM_DMABurst_MultiReadStart), (8 bytes).
    Removing stm32f1xx_hal_tim.o(.text.HAL_TIM_DMABurst_ReadStop), (118 bytes).
    Removing stm32f1xx_hal_tim.o(.ARM.exidx.text.HAL_TIM_DMABurst_ReadStop), (8 bytes).
    Removing stm32f1xx_hal_tim.o(.text.HAL_TIM_GenerateEvent), (36 bytes).
    Removing stm32f1xx_hal_tim.o(.ARM.exidx.text.HAL_TIM_GenerateEvent), (8 bytes).
    Removing stm32f1xx_hal_tim.o(.text.HAL_TIM_ConfigOCrefClear), (212 bytes).
    Removing stm32f1xx_hal_tim.o(.ARM.exidx.text.HAL_TIM_ConfigOCrefClear), (8 bytes).
    Removing stm32f1xx_hal_tim.o(.text.TIM_ETR_SetConfig), (22 bytes).
    Removing stm32f1xx_hal_tim.o(.ARM.exidx.text.TIM_ETR_SetConfig), (8 bytes).
    Removing stm32f1xx_hal_tim.o(.ARM.exidx.text.HAL_TIM_ConfigClockSource), (8 bytes).
    Removing stm32f1xx_hal_tim.o(.text.HAL_TIM_ConfigTI1Input), (16 bytes).
    Removing stm32f1xx_hal_tim.o(.ARM.exidx.text.HAL_TIM_ConfigTI1Input), (8 bytes).
    Removing stm32f1xx_hal_tim.o(.text.HAL_TIM_SlaveConfigSynchro), (88 bytes).
    Removing stm32f1xx_hal_tim.o(.ARM.exidx.text.HAL_TIM_SlaveConfigSynchro), (8 bytes).
    Removing stm32f1xx_hal_tim.o(.text.TIM_SlaveTimer_SetConfig), (250 bytes).
    Removing stm32f1xx_hal_tim.o(.ARM.exidx.text.TIM_SlaveTimer_SetConfig), (8 bytes).
    Removing stm32f1xx_hal_tim.o(.text.HAL_TIM_SlaveConfigSynchro_IT), (88 bytes).
    Removing stm32f1xx_hal_tim.o(.ARM.exidx.text.HAL_TIM_SlaveConfigSynchro_IT), (8 bytes).
    Removing stm32f1xx_hal_tim.o(.text.HAL_TIM_ReadCapturedValue), (22 bytes).
    Removing stm32f1xx_hal_tim.o(.ARM.exidx.text.HAL_TIM_ReadCapturedValue), (8 bytes).
    Removing stm32f1xx_hal_tim.o(.text.HAL_TIM_PeriodElapsedHalfCpltCallback), (2 bytes).
    Removing stm32f1xx_hal_tim.o(.ARM.exidx.text.HAL_TIM_PeriodElapsedHalfCpltCallback), (8 bytes).
    Removing stm32f1xx_hal_tim.o(.text.HAL_TIM_IC_CaptureHalfCpltCallback), (2 bytes).
    Removing stm32f1xx_hal_tim.o(.ARM.exidx.text.HAL_TIM_IC_CaptureHalfCpltCallback), (8 bytes).
    Removing stm32f1xx_hal_tim.o(.text.HAL_TIM_PWM_PulseFinishedHalfCpltCallback), (2 bytes).
    Removing stm32f1xx_hal_tim.o(.ARM.exidx.text.HAL_TIM_PWM_PulseFinishedHalfCpltCallback), (8 bytes).
    Removing stm32f1xx_hal_tim.o(.text.HAL_TIM_TriggerHalfCpltCallback), (2 bytes).
    Removing stm32f1xx_hal_tim.o(.ARM.exidx.text.HAL_TIM_TriggerHalfCpltCallback), (8 bytes).
    Removing stm32f1xx_hal_tim.o(.text.HAL_TIM_ErrorCallback), (2 bytes).
    Removing stm32f1xx_hal_tim.o(.ARM.exidx.text.HAL_TIM_ErrorCallback), (8 bytes).
    Removing stm32f1xx_hal_tim.o(.text.HAL_TIM_Base_GetState), (6 bytes).
    Removing stm32f1xx_hal_tim.o(.ARM.exidx.text.HAL_TIM_Base_GetState), (8 bytes).
    Removing stm32f1xx_hal_tim.o(.text.HAL_TIM_OC_GetState), (6 bytes).
    Removing stm32f1xx_hal_tim.o(.ARM.exidx.text.HAL_TIM_OC_GetState), (8 bytes).
    Removing stm32f1xx_hal_tim.o(.text.HAL_TIM_PWM_GetState), (6 bytes).
    Removing stm32f1xx_hal_tim.o(.ARM.exidx.text.HAL_TIM_PWM_GetState), (8 bytes).
    Removing stm32f1xx_hal_tim.o(.text.HAL_TIM_IC_GetState), (6 bytes).
    Removing stm32f1xx_hal_tim.o(.ARM.exidx.text.HAL_TIM_IC_GetState), (8 bytes).
    Removing stm32f1xx_hal_tim.o(.text.HAL_TIM_OnePulse_GetState), (6 bytes).
    Removing stm32f1xx_hal_tim.o(.ARM.exidx.text.HAL_TIM_OnePulse_GetState), (8 bytes).
    Removing stm32f1xx_hal_tim.o(.text.HAL_TIM_Encoder_GetState), (6 bytes).
    Removing stm32f1xx_hal_tim.o(.ARM.exidx.text.HAL_TIM_Encoder_GetState), (8 bytes).
    Removing stm32f1xx_hal_tim.o(.text.HAL_TIM_GetActiveChannel), (4 bytes).
    Removing stm32f1xx_hal_tim.o(.ARM.exidx.text.HAL_TIM_GetActiveChannel), (8 bytes).
    Removing stm32f1xx_hal_tim.o(.text.HAL_TIM_GetChannelState), (34 bytes).
    Removing stm32f1xx_hal_tim.o(.ARM.exidx.text.HAL_TIM_GetChannelState), (8 bytes).
    Removing stm32f1xx_hal_tim.o(.text.HAL_TIM_DMABurstState), (6 bytes).
    Removing stm32f1xx_hal_tim.o(.ARM.exidx.text.HAL_TIM_DMABurstState), (8 bytes).
    Removing stm32f1xx_hal_tim.o(.rodata.cst16), (48 bytes).
    Removing stm32f1xx_hal_tim_ex.o(.text), (0 bytes).
    Removing stm32f1xx_hal_tim_ex.o(.text.HAL_TIMEx_HallSensor_Init), (200 bytes).
    Removing stm32f1xx_hal_tim_ex.o(.ARM.exidx.text.HAL_TIMEx_HallSensor_Init), (8 bytes).
    Removing stm32f1xx_hal_tim_ex.o(.text.HAL_TIMEx_HallSensor_MspInit), (2 bytes).
    Removing stm32f1xx_hal_tim_ex.o(.ARM.exidx.text.HAL_TIMEx_HallSensor_MspInit), (8 bytes).
    Removing stm32f1xx_hal_tim_ex.o(.text.HAL_TIMEx_HallSensor_DeInit), (80 bytes).
    Removing stm32f1xx_hal_tim_ex.o(.ARM.exidx.text.HAL_TIMEx_HallSensor_DeInit), (8 bytes).
    Removing stm32f1xx_hal_tim_ex.o(.text.HAL_TIMEx_HallSensor_MspDeInit), (2 bytes).
    Removing stm32f1xx_hal_tim_ex.o(.ARM.exidx.text.HAL_TIMEx_HallSensor_MspDeInit), (8 bytes).
    Removing stm32f1xx_hal_tim_ex.o(.text.HAL_TIMEx_HallSensor_Start), (162 bytes).
    Removing stm32f1xx_hal_tim_ex.o(.ARM.exidx.text.HAL_TIMEx_HallSensor_Start), (8 bytes).
    Removing stm32f1xx_hal_tim_ex.o(.text.HAL_TIMEx_HallSensor_Stop), (66 bytes).
    Removing stm32f1xx_hal_tim_ex.o(.ARM.exidx.text.HAL_TIMEx_HallSensor_Stop), (8 bytes).
    Removing stm32f1xx_hal_tim_ex.o(.text.HAL_TIMEx_HallSensor_Start_IT), (170 bytes).
    Removing stm32f1xx_hal_tim_ex.o(.ARM.exidx.text.HAL_TIMEx_HallSensor_Start_IT), (8 bytes).
    Removing stm32f1xx_hal_tim_ex.o(.text.HAL_TIMEx_HallSensor_Stop_IT), (74 bytes).
    Removing stm32f1xx_hal_tim_ex.o(.ARM.exidx.text.HAL_TIMEx_HallSensor_Stop_IT), (8 bytes).
    Removing stm32f1xx_hal_tim_ex.o(.text.HAL_TIMEx_HallSensor_Start_DMA), (214 bytes).
    Removing stm32f1xx_hal_tim_ex.o(.ARM.exidx.text.HAL_TIMEx_HallSensor_Start_DMA), (8 bytes).
    Removing stm32f1xx_hal_tim_ex.o(.text.HAL_TIMEx_HallSensor_Stop_DMA), (74 bytes).
    Removing stm32f1xx_hal_tim_ex.o(.ARM.exidx.text.HAL_TIMEx_HallSensor_Stop_DMA), (8 bytes).
    Removing stm32f1xx_hal_tim_ex.o(.text.HAL_TIMEx_OCN_Start), (194 bytes).
    Removing stm32f1xx_hal_tim_ex.o(.ARM.exidx.text.HAL_TIMEx_OCN_Start), (8 bytes).
    Removing stm32f1xx_hal_tim_ex.o(.text.HAL_TIMEx_OCN_Stop), (146 bytes).
    Removing stm32f1xx_hal_tim_ex.o(.ARM.exidx.text.HAL_TIMEx_OCN_Stop), (8 bytes).
    Removing stm32f1xx_hal_tim_ex.o(.text.HAL_TIMEx_OCN_Start_IT), (214 bytes).
    Removing stm32f1xx_hal_tim_ex.o(.ARM.exidx.text.HAL_TIMEx_OCN_Start_IT), (8 bytes).
    Removing stm32f1xx_hal_tim_ex.o(.text.HAL_TIMEx_OCN_Stop_IT), (234 bytes).
    Removing stm32f1xx_hal_tim_ex.o(.ARM.exidx.text.HAL_TIMEx_OCN_Stop_IT), (8 bytes).
    Removing stm32f1xx_hal_tim_ex.o(.text.HAL_TIMEx_OCN_Start_DMA), (462 bytes).
    Removing stm32f1xx_hal_tim_ex.o(.ARM.exidx.text.HAL_TIMEx_OCN_Start_DMA), (8 bytes).
    Removing stm32f1xx_hal_tim_ex.o(.text.TIM_DMADelayPulseNCplt), (106 bytes).
    Removing stm32f1xx_hal_tim_ex.o(.ARM.exidx.text.TIM_DMADelayPulseNCplt), (8 bytes).
    Removing stm32f1xx_hal_tim_ex.o(.text.TIM_DMAErrorCCxN), (70 bytes).
    Removing stm32f1xx_hal_tim_ex.o(.ARM.exidx.text.TIM_DMAErrorCCxN), (8 bytes).
    Removing stm32f1xx_hal_tim_ex.o(.text.HAL_TIMEx_OCN_Stop_DMA), (176 bytes).
    Removing stm32f1xx_hal_tim_ex.o(.ARM.exidx.text.HAL_TIMEx_OCN_Stop_DMA), (8 bytes).
    Removing stm32f1xx_hal_tim_ex.o(.text.HAL_TIMEx_PWMN_Start), (194 bytes).
    Removing stm32f1xx_hal_tim_ex.o(.ARM.exidx.text.HAL_TIMEx_PWMN_Start), (8 bytes).
    Removing stm32f1xx_hal_tim_ex.o(.text.HAL_TIMEx_PWMN_Stop), (146 bytes).
    Removing stm32f1xx_hal_tim_ex.o(.ARM.exidx.text.HAL_TIMEx_PWMN_Stop), (8 bytes).
    Removing stm32f1xx_hal_tim_ex.o(.text.HAL_TIMEx_PWMN_Start_IT), (214 bytes).
    Removing stm32f1xx_hal_tim_ex.o(.ARM.exidx.text.HAL_TIMEx_PWMN_Start_IT), (8 bytes).
    Removing stm32f1xx_hal_tim_ex.o(.text.HAL_TIMEx_PWMN_Stop_IT), (234 bytes).
    Removing stm32f1xx_hal_tim_ex.o(.ARM.exidx.text.HAL_TIMEx_PWMN_Stop_IT), (8 bytes).
    Removing stm32f1xx_hal_tim_ex.o(.text.HAL_TIMEx_PWMN_Start_DMA), (462 bytes).
    Removing stm32f1xx_hal_tim_ex.o(.ARM.exidx.text.HAL_TIMEx_PWMN_Start_DMA), (8 bytes).
    Removing stm32f1xx_hal_tim_ex.o(.text.HAL_TIMEx_PWMN_Stop_DMA), (176 bytes).
    Removing stm32f1xx_hal_tim_ex.o(.ARM.exidx.text.HAL_TIMEx_PWMN_Stop_DMA), (8 bytes).
    Removing stm32f1xx_hal_tim_ex.o(.text.HAL_TIMEx_OnePulseN_Start), (126 bytes).
    Removing stm32f1xx_hal_tim_ex.o(.ARM.exidx.text.HAL_TIMEx_OnePulseN_Start), (8 bytes).
    Removing stm32f1xx_hal_tim_ex.o(.text.HAL_TIMEx_OnePulseN_Stop), (128 bytes).
    Removing stm32f1xx_hal_tim_ex.o(.ARM.exidx.text.HAL_TIMEx_OnePulseN_Stop), (8 bytes).
    Removing stm32f1xx_hal_tim_ex.o(.text.HAL_TIMEx_OnePulseN_Start_IT), (142 bytes).
    Removing stm32f1xx_hal_tim_ex.o(.ARM.exidx.text.HAL_TIMEx_OnePulseN_Start_IT), (8 bytes).
    Removing stm32f1xx_hal_tim_ex.o(.text.HAL_TIMEx_OnePulseN_Stop_IT), (144 bytes).
    Removing stm32f1xx_hal_tim_ex.o(.ARM.exidx.text.HAL_TIMEx_OnePulseN_Stop_IT), (8 bytes).
    Removing stm32f1xx_hal_tim_ex.o(.text.HAL_TIMEx_ConfigCommutEvent), (118 bytes).
    Removing stm32f1xx_hal_tim_ex.o(.ARM.exidx.text.HAL_TIMEx_ConfigCommutEvent), (8 bytes).
    Removing stm32f1xx_hal_tim_ex.o(.text.HAL_TIMEx_ConfigCommutEvent_IT), (118 bytes).
    Removing stm32f1xx_hal_tim_ex.o(.ARM.exidx.text.HAL_TIMEx_ConfigCommutEvent_IT), (8 bytes).
    Removing stm32f1xx_hal_tim_ex.o(.text.HAL_TIMEx_ConfigCommutEvent_DMA), (154 bytes).
    Removing stm32f1xx_hal_tim_ex.o(.ARM.exidx.text.HAL_TIMEx_ConfigCommutEvent_DMA), (8 bytes).
    Removing stm32f1xx_hal_tim_ex.o(.text.TIMEx_DMACommutationCplt), (12 bytes).
    Removing stm32f1xx_hal_tim_ex.o(.ARM.exidx.text.TIMEx_DMACommutationCplt), (8 bytes).
    Removing stm32f1xx_hal_tim_ex.o(.text.TIMEx_DMACommutationHalfCplt), (12 bytes).
    Removing stm32f1xx_hal_tim_ex.o(.ARM.exidx.text.TIMEx_DMACommutationHalfCplt), (8 bytes).
    Removing stm32f1xx_hal_tim_ex.o(.ARM.exidx.text.HAL_TIMEx_MasterConfigSynchronization), (8 bytes).
    Removing stm32f1xx_hal_tim_ex.o(.text.HAL_TIMEx_ConfigBreakDeadTime), (76 bytes).
    Removing stm32f1xx_hal_tim_ex.o(.ARM.exidx.text.HAL_TIMEx_ConfigBreakDeadTime), (8 bytes).
    Removing stm32f1xx_hal_tim_ex.o(.text.HAL_TIMEx_RemapConfig), (4 bytes).
    Removing stm32f1xx_hal_tim_ex.o(.ARM.exidx.text.HAL_TIMEx_RemapConfig), (8 bytes).
    Removing stm32f1xx_hal_tim_ex.o(.ARM.exidx.text.HAL_TIMEx_CommutCallback), (8 bytes).
    Removing stm32f1xx_hal_tim_ex.o(.text.HAL_TIMEx_CommutHalfCpltCallback), (2 bytes).
    Removing stm32f1xx_hal_tim_ex.o(.ARM.exidx.text.HAL_TIMEx_CommutHalfCpltCallback), (8 bytes).
    Removing stm32f1xx_hal_tim_ex.o(.ARM.exidx.text.HAL_TIMEx_BreakCallback), (8 bytes).
    Removing stm32f1xx_hal_tim_ex.o(.text.HAL_TIMEx_HallSensor_GetState), (6 bytes).
    Removing stm32f1xx_hal_tim_ex.o(.ARM.exidx.text.HAL_TIMEx_HallSensor_GetState), (8 bytes).
    Removing stm32f1xx_hal_tim_ex.o(.text.HAL_TIMEx_GetChannelNState), (34 bytes).
    Removing stm32f1xx_hal_tim_ex.o(.ARM.exidx.text.HAL_TIMEx_GetChannelNState), (8 bytes).
    Removing system_stm32f1xx.o(.text), (0 bytes).
    Removing system_stm32f1xx.o(.ARM.exidx.text.SystemInit), (8 bytes).
    Removing system_stm32f1xx.o(.text.SystemCoreClockUpdate), (92 bytes).
    Removing system_stm32f1xx.o(.ARM.exidx.text.SystemCoreClockUpdate), (8 bytes).
    Removing system_stm32f1xx.o(.rodata.APBPrescTable), (8 bytes).

726 unused section(s) (total 34848 bytes) removed from the image.

==============================================================================

Image Symbol Table

    Local Symbols

    Symbol Name                              Value     Ov Type        Size  Object(Section)

    ../clib/microlib/init/entry.s            0x00000000   Number         0  entry.o ABSOLUTE
    ../clib/microlib/init/entry.s            0x00000000   Number         0  entry2.o ABSOLUTE
    ../clib/microlib/init/entry.s            0x00000000   Number         0  entry5.o ABSOLUTE
    ../clib/microlib/init/entry.s            0x00000000   Number         0  entry7a.o ABSOLUTE
    ../clib/microlib/init/entry.s            0x00000000   Number         0  entry7b.o ABSOLUTE
    ../clib/microlib/init/entry.s            0x00000000   Number         0  entry8a.o ABSOLUTE
    ../clib/microlib/init/entry.s            0x00000000   Number         0  entry8b.o ABSOLUTE
    ../clib/microlib/init/entry.s            0x00000000   Number         0  entry9a.o ABSOLUTE
    ../clib/microlib/init/entry.s            0x00000000   Number         0  entry9b.o ABSOLUTE
    ../clib/microlib/init/entry.s            0x00000000   Number         0  entry10a.o ABSOLUTE
    ../clib/microlib/init/entry.s            0x00000000   Number         0  entry10b.o ABSOLUTE
    ../clib/microlib/init/entry.s            0x00000000   Number         0  entry11a.o ABSOLUTE
    ../clib/microlib/init/entry.s            0x00000000   Number         0  entry11b.o ABSOLUTE
    ../clib/microlib/longlong.c              0x00000000   Number         0  llushr.o ABSOLUTE
    ../clib/microlib/longlong.c              0x00000000   Number         0  llshl.o ABSOLUTE
    ../clib/microlib/string/memset.c         0x00000000   Number         0  memseta.o ABSOLUTE
    ../clib/microlib/stubs.s                 0x00000000   Number         0  iusefp.o ABSOLUTE
    ../fplib/microlib/d2f.c                  0x00000000   Number         0  d2f.o ABSOLUTE
    ../fplib/microlib/fpcmp.c                0x00000000   Number         0  fcmple.o ABSOLUTE
    ../fplib/microlib/fpcmp.c                0x00000000   Number         0  fcmpge.o ABSOLUTE
    ../fplib/microlib/fpcmp.c                0x00000000   Number         0  fcmpgt.o ABSOLUTE
    ../fplib/microlib/fpdiv.c                0x00000000   Number         0  fdiv.o ABSOLUTE
    ../fplib/microlib/fpepilogue.c           0x00000000   Number         0  fepilogue.o ABSOLUTE
    ../fplib/microlib/fpepilogue.c           0x00000000   Number         0  depilogue.o ABSOLUTE
    ../fplib/microlib/fpfix.c                0x00000000   Number         0  ffixi.o ABSOLUTE
    ../fplib/microlib/fpfix.c                0x00000000   Number         0  dfixi.o ABSOLUTE
    ../fplib/microlib/fpflt.c                0x00000000   Number         0  fflti.o ABSOLUTE
    ../fplib/microlib/fpflt.c                0x00000000   Number         0  dflti.o ABSOLUTE
    ../fplib/microlib/fpflt.c                0x00000000   Number         0  dfltui.o ABSOLUTE
    ../fplib/microlib/fpmul.c                0x00000000   Number         0  fmul.o ABSOLUTE
    ../fplib/microlib/fpmul.c                0x00000000   Number         0  dmul.o ABSOLUTE
    adc.c                                    0x00000000   Number         0  adc.o ABSOLUTE
    button.c                                 0x00000000   Number         0  button.o ABSOLUTE
    buzzer.c                                 0x00000000   Number         0  buzzer.o ABSOLUTE
    calib.c                                  0x00000000   Number         0  calib.o ABSOLUTE
    dc.s                                     0x00000000   Number         0  dc.o ABSOLUTE
    dip_switch.c                             0x00000000   Number         0  dip_switch.o ABSOLUTE
    flash.c                                  0x00000000   Number         0  flash.o ABSOLUTE
    handlers.s                               0x00000000   Number         0  handlers.o ABSOLUTE
    init.s                                   0x00000000   Number         0  init.o ABSOLUTE
    leds.c                                   0x00000000   Number         0  leds.o ABSOLUTE
    main.c                                   0x00000000   Number         0  main.o ABSOLUTE
    motor.c                                  0x00000000   Number         0  motor.o ABSOLUTE
    rgb.c                                    0x00000000   Number         0  rgb.o ABSOLUTE
    robot.c                                  0x00000000   Number         0  robot.o ABSOLUTE
    saved_methods.c                          0x00000000   Number         0  saved_methods.o ABSOLUTE
    sensor_debounce.c                        0x00000000   Number         0  sensor_debounce.o ABSOLUTE
    servo.c                                  0x00000000   Number         0  servo.o ABSOLUTE
    sonic.c                                  0x00000000   Number         0  sonic.o ABSOLUTE
    startup_stm32f103xb.s                    0x00000000   Number         0  startup_stm32f103xb.o ABSOLUTE
    stm32f1xx_hal.c                          0x00000000   Number         0  stm32f1xx_hal.o ABSOLUTE
    stm32f1xx_hal_adc.c                      0x00000000   Number         0  stm32f1xx_hal_adc.o ABSOLUTE
    stm32f1xx_hal_adc_ex.c                   0x00000000   Number         0  stm32f1xx_hal_adc_ex.o ABSOLUTE
    stm32f1xx_hal_cortex.c                   0x00000000   Number         0  stm32f1xx_hal_cortex.o ABSOLUTE
    stm32f1xx_hal_dma.c                      0x00000000   Number         0  stm32f1xx_hal_dma.o ABSOLUTE
    stm32f1xx_hal_exti.c                     0x00000000   Number         0  stm32f1xx_hal_exti.o ABSOLUTE
    stm32f1xx_hal_flash.c                    0x00000000   Number         0  stm32f1xx_hal_flash.o ABSOLUTE
    stm32f1xx_hal_flash_ex.c                 0x00000000   Number         0  stm32f1xx_hal_flash_ex.o ABSOLUTE
    stm32f1xx_hal_gpio.c                     0x00000000   Number         0  stm32f1xx_hal_gpio.o ABSOLUTE
    stm32f1xx_hal_gpio_ex.c                  0x00000000   Number         0  stm32f1xx_hal_gpio_ex.o ABSOLUTE
    stm32f1xx_hal_msp.c                      0x00000000   Number         0  stm32f1xx_hal_msp.o ABSOLUTE
    stm32f1xx_hal_pwr.c                      0x00000000   Number         0  stm32f1xx_hal_pwr.o ABSOLUTE
    stm32f1xx_hal_rcc.c                      0x00000000   Number         0  stm32f1xx_hal_rcc.o ABSOLUTE
    stm32f1xx_hal_rcc_ex.c                   0x00000000   Number         0  stm32f1xx_hal_rcc_ex.o ABSOLUTE
    stm32f1xx_hal_tim.c                      0x00000000   Number         0  stm32f1xx_hal_tim.o ABSOLUTE
    stm32f1xx_hal_tim_ex.c                   0x00000000   Number         0  stm32f1xx_hal_tim_ex.o ABSOLUTE
    stm32f1xx_it.c                           0x00000000   Number         0  stm32f1xx_it.o ABSOLUTE
    system_stm32f1xx.c                       0x00000000   Number         0  system_stm32f1xx.o ABSOLUTE
    RESET                                    0x08000000   Section      236  startup_stm32f103xb.o(RESET)
    .ARM.Collect$$$$00000000                 0x080000ec   Section        0  entry.o(.ARM.Collect$$$$00000000)
    .ARM.Collect$$$$00000001                 0x080000ec   Section        4  entry2.o(.ARM.Collect$$$$00000001)
    .ARM.Collect$$$$00000004                 0x080000f0   Section        4  entry5.o(.ARM.Collect$$$$00000004)
    .ARM.Collect$$$$00000008                 0x080000f4   Section        0  entry7b.o(.ARM.Collect$$$$00000008)
    .ARM.Collect$$$$0000000A                 0x080000f4   Section        0  entry8b.o(.ARM.Collect$$$$0000000A)
    .ARM.Collect$$$$0000000B                 0x080000f4   Section        8  entry9a.o(.ARM.Collect$$$$0000000B)
    __lit__00000000                          0x080000fc   Data           4  entry2.o(.ARM.Collect$$$$00002712)
    .ARM.Collect$$$$0000000D                 0x080000fc   Section        0  entry10a.o(.ARM.Collect$$$$0000000D)
    .ARM.Collect$$$$0000000F                 0x080000fc   Section        0  entry11a.o(.ARM.Collect$$$$0000000F)
    .ARM.Collect$$$$00002712                 0x080000fc   Section        4  entry2.o(.ARM.Collect$$$$00002712)
    .text                                    0x08000100   Section       36  startup_stm32f103xb.o(.text)
    .text                                    0x08000124   Section        0  fmul.o(.text)
    .text                                    0x08000188   Section        0  fdiv.o(.text)
    .text                                    0x08000204   Section        0  dmul.o(.text)
    .text                                    0x080002e8   Section        0  fcmple.o(.text)
    .text                                    0x08000304   Section        0  fcmpge.o(.text)
    .text                                    0x08000320   Section        0  fcmpgt.o(.text)
    .text                                    0x0800033c   Section        0  fflti.o(.text)
    .text                                    0x0800034e   Section        0  dflti.o(.text)
    .text                                    0x08000370   Section        0  dfltui.o(.text)
    .text                                    0x0800038a   Section        0  ffixi.o(.text)
    .text                                    0x080003bc   Section        0  dfixi.o(.text)
    .text                                    0x080003fa   Section        0  d2f.o(.text)
    .text                                    0x08000432   Section        0  llushr.o(.text)
    .text                                    0x08000452   Section        0  iusefp.o(.text)
    .text                                    0x08000452   Section        0  fepilogue.o(.text)
    .text                                    0x080004c0   Section        0  depilogue.o(.text)
    .text                                    0x0800057c   Section       48  init.o(.text)
    .text                                    0x080005ac   Section        0  llshl.o(.text)
    [Anonymous Symbol]                       0x080005cc   Section        0  stm32f1xx_hal_adc.o(.text.ADC_DMAConvCplt)
    [Anonymous Symbol]                       0x08000620   Section        0  stm32f1xx_hal_adc.o(.text.ADC_DMAError)
    [Anonymous Symbol]                       0x08000638   Section        0  stm32f1xx_hal_adc.o(.text.ADC_DMAHalfConvCplt)
    [Anonymous Symbol]                       0x08000640   Section        0  stm32f1xx_hal_adc.o(.text.ADC_Enable)
    [Anonymous Symbol]                       0x080006f0   Section        0  stm32f1xx_it.o(.text.BusFault_Handler)
    [Anonymous Symbol]                       0x080006f4   Section        0  stm32f1xx_it.o(.text.DMA1_Channel1_IRQHandler)
    [Anonymous Symbol]                       0x08000700   Section        0  stm32f1xx_it.o(.text.DebugMon_Handler)
    [Anonymous Symbol]                       0x08000704   Section        0  stm32f1xx_it.o(.text.EXTI15_10_IRQHandler)
    [Anonymous Symbol]                       0x0800070c   Section        0  main.o(.text.Error_Handler)
    [Anonymous Symbol]                       0x08000718   Section        0  stm32f1xx_hal_flash.o(.text.FLASH_WaitForLastOperation)
    [Anonymous Symbol]                       0x080007e0   Section        0  stm32f1xx_hal_adc.o(.text.HAL_ADC_ConfigChannel)
    [Anonymous Symbol]                       0x08000958   Section        0  stm32f1xx_hal_adc.o(.text.HAL_ADC_ConvCpltCallback)
    [Anonymous Symbol]                       0x0800095c   Section        0  stm32f1xx_hal_adc.o(.text.HAL_ADC_ConvHalfCpltCallback)
    [Anonymous Symbol]                       0x08000960   Section        0  stm32f1xx_hal_adc.o(.text.HAL_ADC_ErrorCallback)
    [Anonymous Symbol]                       0x08000964   Section        0  stm32f1xx_hal_adc.o(.text.HAL_ADC_Init)
    [Anonymous Symbol]                       0x08000abc   Section        0  stm32f1xx_hal_msp.o(.text.HAL_ADC_MspInit)
    [Anonymous Symbol]                       0x08000b64   Section        0  stm32f1xx_hal_adc.o(.text.HAL_ADC_Start_DMA)
    [Anonymous Symbol]                       0x08000c8c   Section        0  stm32f1xx_hal_dma.o(.text.HAL_DMA_IRQHandler)
    [Anonymous Symbol]                       0x08000e2c   Section        0  stm32f1xx_hal_dma.o(.text.HAL_DMA_Init)
    [Anonymous Symbol]                       0x08000eb0   Section        0  stm32f1xx_hal_dma.o(.text.HAL_DMA_Start_IT)
    [Anonymous Symbol]                       0x08000f50   Section        0  stm32f1xx_hal.o(.text.HAL_Delay)
    [Anonymous Symbol]                       0x08000f78   Section        0  stm32f1xx_hal_flash_ex.o(.text.HAL_FLASHEx_Erase)
    [Anonymous Symbol]                       0x08001068   Section        0  stm32f1xx_hal_flash.o(.text.HAL_FLASH_Lock)
    [Anonymous Symbol]                       0x0800107c   Section        0  stm32f1xx_hal_flash.o(.text.HAL_FLASH_Program)
    [Anonymous Symbol]                       0x08001194   Section        0  stm32f1xx_hal_flash.o(.text.HAL_FLASH_Unlock)
    [Anonymous Symbol]                       0x080011c4   Section        0  robot.o(.text.HAL_GPIO_EXTI_Callback)
    [Anonymous Symbol]                       0x080011d4   Section        0  stm32f1xx_hal_gpio.o(.text.HAL_GPIO_EXTI_IRQHandler)
    [Anonymous Symbol]                       0x080011ec   Section        0  stm32f1xx_hal_gpio.o(.text.HAL_GPIO_Init)
    [Anonymous Symbol]                       0x080013fc   Section        0  stm32f1xx_hal_gpio.o(.text.HAL_GPIO_ReadPin)
    [Anonymous Symbol]                       0x08001408   Section        0  stm32f1xx_hal_gpio.o(.text.HAL_GPIO_WritePin)
    [Anonymous Symbol]                       0x08001414   Section        0  stm32f1xx_hal.o(.text.HAL_GetTick)
    [Anonymous Symbol]                       0x08001420   Section        0  stm32f1xx_hal.o(.text.HAL_IncTick)
    [Anonymous Symbol]                       0x0800143c   Section        0  stm32f1xx_hal.o(.text.HAL_Init)
    [Anonymous Symbol]                       0x08001464   Section        0  stm32f1xx_hal.o(.text.HAL_InitTick)
    [Anonymous Symbol]                       0x080014ac   Section        0  stm32f1xx_hal_msp.o(.text.HAL_MspInit)
    [Anonymous Symbol]                       0x080014f0   Section        0  stm32f1xx_hal_cortex.o(.text.HAL_NVIC_EnableIRQ)
    [Anonymous Symbol]                       0x08001514   Section        0  stm32f1xx_hal_cortex.o(.text.HAL_NVIC_SetPriority)
    [Anonymous Symbol]                       0x0800156c   Section        0  stm32f1xx_hal_cortex.o(.text.HAL_NVIC_SetPriorityGrouping)
    [Anonymous Symbol]                       0x0800158c   Section        0  stm32f1xx_hal_rcc_ex.o(.text.HAL_RCCEx_PeriphCLKConfig)
    [Anonymous Symbol]                       0x08001690   Section        0  stm32f1xx_hal_rcc.o(.text.HAL_RCC_ClockConfig)
    [Anonymous Symbol]                       0x0800184c   Section        0  stm32f1xx_hal_rcc.o(.text.HAL_RCC_OscConfig)
    [Anonymous Symbol]                       0x08001c4c   Section        0  stm32f1xx_hal_cortex.o(.text.HAL_SYSTICK_Config)
    [Anonymous Symbol]                       0x08001c78   Section        0  stm32f1xx_hal_tim_ex.o(.text.HAL_TIMEx_BreakCallback)
    [Anonymous Symbol]                       0x08001c7c   Section        0  stm32f1xx_hal_tim_ex.o(.text.HAL_TIMEx_CommutCallback)
    [Anonymous Symbol]                       0x08001c80   Section        0  stm32f1xx_hal_tim_ex.o(.text.HAL_TIMEx_MasterConfigSynchronization)
    [Anonymous Symbol]                       0x08001d00   Section        0  stm32f1xx_hal_tim.o(.text.HAL_TIM_Base_Init)
    [Anonymous Symbol]                       0x08001dec   Section        0  stm32f1xx_hal_msp.o(.text.HAL_TIM_Base_MspInit)
    [Anonymous Symbol]                       0x08001e5c   Section        0  stm32f1xx_hal_tim.o(.text.HAL_TIM_Base_Start)
    [Anonymous Symbol]                       0x08001ec4   Section        0  stm32f1xx_hal_tim.o(.text.HAL_TIM_Base_Start_IT)
    [Anonymous Symbol]                       0x08001f34   Section        0  stm32f1xx_hal_tim.o(.text.HAL_TIM_Base_Stop)
    [Anonymous Symbol]                       0x08001f68   Section        0  stm32f1xx_hal_tim.o(.text.HAL_TIM_ConfigClockSource)
    [Anonymous Symbol]                       0x08002108   Section        0  stm32f1xx_hal_tim.o(.text.HAL_TIM_IC_CaptureCallback)
    [Anonymous Symbol]                       0x0800210c   Section        0  stm32f1xx_hal_tim.o(.text.HAL_TIM_IRQHandler)
    [Anonymous Symbol]                       0x0800227c   Section        0  stm32f1xx_hal_msp.o(.text.HAL_TIM_MspPostInit)
    [Anonymous Symbol]                       0x0800232c   Section        0  stm32f1xx_hal_tim.o(.text.HAL_TIM_OC_DelayElapsedCallback)
    [Anonymous Symbol]                       0x08002330   Section        0  stm32f1xx_hal_tim.o(.text.HAL_TIM_PWM_ConfigChannel)
    [Anonymous Symbol]                       0x08002534   Section        0  stm32f1xx_hal_tim.o(.text.HAL_TIM_PWM_Init)
    [Anonymous Symbol]                       0x08002620   Section        0  stm32f1xx_hal_msp.o(.text.HAL_TIM_PWM_MspInit)
    [Anonymous Symbol]                       0x08002674   Section        0  stm32f1xx_hal_tim.o(.text.HAL_TIM_PWM_PulseFinishedCallback)
    [Anonymous Symbol]                       0x08002678   Section        0  stm32f1xx_hal_tim.o(.text.HAL_TIM_PWM_Start)
    [Anonymous Symbol]                       0x08002754   Section        0  main.o(.text.HAL_TIM_PeriodElapsedCallback)
    [Anonymous Symbol]                       0x08002760   Section        0  stm32f1xx_hal_tim.o(.text.HAL_TIM_TriggerCallback)
    [Anonymous Symbol]                       0x08002764   Section        0  stm32f1xx_it.o(.text.HardFault_Handler)
    [Anonymous Symbol]                       0x08002768   Section        0  stm32f1xx_it.o(.text.MemManage_Handler)
    [Anonymous Symbol]                       0x0800276c   Section        0  stm32f1xx_it.o(.text.NMI_Handler)
    [Anonymous Symbol]                       0x08002770   Section        0  stm32f1xx_it.o(.text.PendSV_Handler)
    [Anonymous Symbol]                       0x08002774   Section        0  stm32f1xx_it.o(.text.SVC_Handler)
    [Anonymous Symbol]                       0x08002778   Section        0  stm32f1xx_it.o(.text.SysTick_Handler)
    [Anonymous Symbol]                       0x0800277c   Section        0  system_stm32f1xx.o(.text.SystemInit)
    [Anonymous Symbol]                       0x08002780   Section        0  stm32f1xx_it.o(.text.TIM1_UP_IRQHandler)
    [Anonymous Symbol]                       0x0800278c   Section        0  stm32f1xx_it.o(.text.UsageFault_Handler)
    [Anonymous Symbol]                       0x08002790   Section        0  adc.o(.text.adc_init)
    [Anonymous Symbol]                       0x080027dc   Section        0  buzzer.o(.text.beep_long)
    [Anonymous Symbol]                       0x0800281c   Section        0  button.o(.text.button_init)
    [Anonymous Symbol]                       0x08002828   Section        0  button.o(.text.button_multi_handle)
    [Anonymous Symbol]                       0x080028b0   Section        0  buzzer.o(.text.buzzer_init)
    [Anonymous Symbol]                       0x080028c4   Section        0  calib.o(.text.calib_sensor)
    [Anonymous Symbol]                       0x08002914   Section        0  calib.o(.text.calib_servo)
    [Anonymous Symbol]                       0x08002988   Section        0  calib.o(.text.check_sonic)
    [Anonymous Symbol]                       0x080029d8   Section        0  robot.o(.text.d_check_crossline)
    [Anonymous Symbol]                       0x08002a0c   Section        0  robot.o(.text.d_check_leftline)
    [Anonymous Symbol]                       0x08002a60   Section        0  robot.o(.text.d_check_rightline)
    [Anonymous Symbol]                       0x08002ab8   Section        0  flash.o(.text.flash_erease)
    [Anonymous Symbol]                       0x08002ad4   Section        0  flash.o(.text.flash_lock)
    [Anonymous Symbol]                       0x08002ad8   Section        0  flash.o(.text.flash_read_arr)
    [Anonymous Symbol]                       0x08002b30   Section        0  flash.o(.text.flash_unlock)
    [Anonymous Symbol]                       0x08002b34   Section        0  flash.o(.text.flash_write_arr)
    [Anonymous Symbol]                       0x08002b64   Section        0  button.o(.text.get_button)
    [Anonymous Symbol]                       0x08002b70   Section        0  adc.o(.text.get_sensor_mask)
    [Anonymous Symbol]                       0x08002c0c   Section        0  dip_switch.o(.text.get_sw_mask)
    [Anonymous Symbol]                       0x08002cd8   Section        0  servo.o(.text.handle)
    [Anonymous Symbol]                       0x08002cfc   Section        0  robot.o(.text.handle_and_speed)
    [Anonymous Symbol]                       0x08002db4   Section        0  robot.o(.text.handle_brake2)
    [Anonymous Symbol]                       0x08002e20   Section        0  leds.o(.text.led_out)
    [Anonymous Symbol]                       0x08002f68   Section        0  leds.o(.text.leds_init)
    [Anonymous Symbol]                       0x08002fbc   Section        0  robot.o(.text.loop)
    [Anonymous Symbol]                       0x08003114   Section        0  main.o(.text.main)
    [Anonymous Symbol]                       0x0800367c   Section        0  calib.o(.text.motor_check)
    [Anonymous Symbol]                       0x080036f4   Section        0  motor.o(.text.motors_init)
    [Anonymous Symbol]                       0x08003740   Section        0  servo.o(.text.read_servo_center)
    [Anonymous Symbol]                       0x08003774   Section        0  adc.o(.text.read_vcompare)
    [Anonymous Symbol]                       0x080037e8   Section        0  rgb.o(.text.rgb_init)
    [Anonymous Symbol]                       0x08003814   Section        0  rgb.o(.text.rgb_setcolor)
    [Anonymous Symbol]                       0x08003870   Section        0  robot.o(.text.robot_high_speed)
    [Anonymous Symbol]                       0x080055c8   Section        0  robot.o(.text.robot_init)
    [Anonymous Symbol]                       0x0800573c   Section        0  calib.o(.text.run_with_gate_bar)
    [Anonymous Symbol]                       0x080057a4   Section        0  servo.o(.text.save_servo_center)
    [Anonymous Symbol]                       0x080057e8   Section        0  servo.o(.text.servo_init)
    [Anonymous Symbol]                       0x0800580c   Section        0  motor.o(.text.set_brake)
    [Anonymous Symbol]                       0x08005830   Section        0  motor.o(.text.set_speed)
    [Anonymous Symbol]                       0x080058c4   Section        0  sonic.o(.text.sonic_callback)
    [Anonymous Symbol]                       0x08005910   Section        0  sonic.o(.text.sonic_dist)
    [Anonymous Symbol]                       0x08005980   Section        0  sonic.o(.text.sonic_init)
    [Anonymous Symbol]                       0x08005994   Section        0  dip_switch.o(.text.sw_handle)
    [Anonymous Symbol]                       0x08005a1c   Section        0  dip_switch.o(.text.sw_init)
    [Anonymous Symbol]                       0x08005a30   Section        0  robot.o(.text.timer_handle)
    [Anonymous Symbol]                       0x08005aa0   Section        0  adc.o(.text.update_black)
    [Anonymous Symbol]                       0x08005b44   Section        0  servo.o(.text.update_servo_center)
    [Anonymous Symbol]                       0x08005b4c   Section        0  adc.o(.text.update_white)
    [Anonymous Symbol]                       0x08005bf0   Section        0  calib.o(.text.write_read_sensor_value)
    [Anonymous Symbol]                       0x08005c40   Section        0  adc.o(.text.write_vcompare)
    i.__scatterload_copy                     0x08005d08   Section       14  handlers.o(i.__scatterload_copy)
    i.__scatterload_null                     0x08005d16   Section        2  handlers.o(i.__scatterload_null)
    i.__scatterload_zeroinit                 0x08005d18   Section       14  handlers.o(i.__scatterload_zeroinit)
    .Lswitch.table.rgb_blink                 0x08005d26   Data           6  rgb.o(.rodata..Lswitch.table.rgb_blink)
    .Lswitch.table.rgb_blink.3               0x08005d2c   Data           6  rgb.o(.rodata..Lswitch.table.rgb_blink.3)
    .Lswitch.table.rgb_blink.4               0x08005d32   Data           6  rgb.o(.rodata..Lswitch.table.rgb_blink.4)
    HAL_RCC_GetSysClockFreq.aPredivFactorTable 0x08005d48   Data           2  stm32f1xx_hal_rcc.o(.rodata.HAL_RCC_GetSysClockFreq.aPredivFactorTable)
    [Anonymous Symbol]                       0x08005d48   Section        0  stm32f1xx_hal_rcc.o(.rodata.HAL_RCC_GetSysClockFreq.aPredivFactorTable)
    HAL_RCC_GetSysClockFreq.aPLLMULFactorTable 0x08005d7c   Data          16  stm32f1xx_hal_rcc.o(.rodata.cst16)
    [Anonymous Symbol]                       0x08005d7c   Section        0  stm32f1xx_hal_rcc.o(.rodata.cst16)
    .L_MergedGlobals                         0x20000000   Data          92  robot.o(.data..L_MergedGlobals)
    [Anonymous Symbol]                       0x20000000   Section        0  robot.o(.data..L_MergedGlobals)
    .L_MergedGlobals                         0x2000005c   Data           8  stm32f1xx_hal.o(.data..L_MergedGlobals)
    [Anonymous Symbol]                       0x2000005c   Section        0  stm32f1xx_hal.o(.data..L_MergedGlobals)
    .L_MergedGlobals                         0x20000078   Data         116  main.o(.bss..L_MergedGlobals)
    [Anonymous Symbol]                       0x20000078   Section        0  main.o(.bss..L_MergedGlobals)
    .L_MergedGlobals.1                       0x200000ec   Data         104  robot.o(.bss..L_MergedGlobals.1)
    [Anonymous Symbol]                       0x200000ec   Section        0  robot.o(.bss..L_MergedGlobals.1)
    .L_MergedGlobals.2                       0x20000154   Data         124  robot.o(.bss..L_MergedGlobals.2)
    [Anonymous Symbol]                       0x20000154   Section        0  robot.o(.bss..L_MergedGlobals.2)
    .L_MergedGlobals.3                       0x200001d0   Data         124  robot.o(.bss..L_MergedGlobals.3)
    [Anonymous Symbol]                       0x200001d0   Section        0  robot.o(.bss..L_MergedGlobals.3)
    sonic_dist.kc                            0x20000400   Data           4  sonic.o(.bss.sonic_dist.kc)
    [Anonymous Symbol]                       0x20000400   Section        0  sonic.o(.bss.sonic_dist.kc)
    STACK                                    0x20000408   Section     1024  startup_stm32f103xb.o(STACK)

    Global Symbols

    Symbol Name                              Value     Ov Type        Size  Object(Section)

    BuildAttributes$$THM_ISAv4$P$D$K$B$S$PE$A:L22UL41UL21$X:L11$S22US41US21$IEEE1$IW$~IW$USESV6$~STKCKD$USESV7$~SHL$OTIME$ROPI$EBA8$MICROLIB$REQ8$PRES8$EABIv2 0x00000000   Number         0  anon$$obj.o ABSOLUTE
    __cpp_initialize__aeabi_                  - Undefined Weak Reference
    __cxa_finalize                            - Undefined Weak Reference
    __decompress                              - Undefined Weak Reference
    _clock_init                               - Undefined Weak Reference
    _microlib_exit                            - Undefined Weak Reference
    __Vectors_Size                           0x000000ec   Number         0  startup_stm32f103xb.o ABSOLUTE
    __Vectors                                0x08000000   Data           4  startup_stm32f103xb.o(RESET)
    __Vectors_End                            0x080000ec   Data           0  startup_stm32f103xb.o(RESET)
    __main                                   0x080000ed   Thumb Code     0  entry.o(.ARM.Collect$$$$00000000)
    _main_stk                                0x080000ed   Thumb Code     0  entry2.o(.ARM.Collect$$$$00000001)
    _main_scatterload                        0x080000f1   Thumb Code     0  entry5.o(.ARM.Collect$$$$00000004)
    __main_after_scatterload                 0x080000f5   Thumb Code     0  entry5.o(.ARM.Collect$$$$00000004)
    _main_clock                              0x080000f5   Thumb Code     0  entry7b.o(.ARM.Collect$$$$00000008)
    _main_cpp_init                           0x080000f5   Thumb Code     0  entry8b.o(.ARM.Collect$$$$0000000A)
    _main_init                               0x080000f5   Thumb Code     0  entry9a.o(.ARM.Collect$$$$0000000B)
    __rt_final_cpp                           0x080000fd   Thumb Code     0  entry10a.o(.ARM.Collect$$$$0000000D)
    __rt_final_exit                          0x080000fd   Thumb Code     0  entry11a.o(.ARM.Collect$$$$0000000F)
    Reset_Handler                            0x08000101   Thumb Code     8  startup_stm32f103xb.o(.text)
    ADC1_2_IRQHandler                        0x0800011b   Thumb Code     0  startup_stm32f103xb.o(.text)
    CAN1_RX1_IRQHandler                      0x0800011b   Thumb Code     0  startup_stm32f103xb.o(.text)
    CAN1_SCE_IRQHandler                      0x0800011b   Thumb Code     0  startup_stm32f103xb.o(.text)
    DMA1_Channel2_IRQHandler                 0x0800011b   Thumb Code     0  startup_stm32f103xb.o(.text)
    DMA1_Channel3_IRQHandler                 0x0800011b   Thumb Code     0  startup_stm32f103xb.o(.text)
    DMA1_Channel4_IRQHandler                 0x0800011b   Thumb Code     0  startup_stm32f103xb.o(.text)
    DMA1_Channel5_IRQHandler                 0x0800011b   Thumb Code     0  startup_stm32f103xb.o(.text)
    DMA1_Channel6_IRQHandler                 0x0800011b   Thumb Code     0  startup_stm32f103xb.o(.text)
    DMA1_Channel7_IRQHandler                 0x0800011b   Thumb Code     0  startup_stm32f103xb.o(.text)
    EXTI0_IRQHandler                         0x0800011b   Thumb Code     0  startup_stm32f103xb.o(.text)
    EXTI1_IRQHandler                         0x0800011b   Thumb Code     0  startup_stm32f103xb.o(.text)
    EXTI2_IRQHandler                         0x0800011b   Thumb Code     0  startup_stm32f103xb.o(.text)
    EXTI3_IRQHandler                         0x0800011b   Thumb Code     0  startup_stm32f103xb.o(.text)
    EXTI4_IRQHandler                         0x0800011b   Thumb Code     0  startup_stm32f103xb.o(.text)
    EXTI9_5_IRQHandler                       0x0800011b   Thumb Code     0  startup_stm32f103xb.o(.text)
    FLASH_IRQHandler                         0x0800011b   Thumb Code     0  startup_stm32f103xb.o(.text)
    I2C1_ER_IRQHandler                       0x0800011b   Thumb Code     0  startup_stm32f103xb.o(.text)
    I2C1_EV_IRQHandler                       0x0800011b   Thumb Code     0  startup_stm32f103xb.o(.text)
    I2C2_ER_IRQHandler                       0x0800011b   Thumb Code     0  startup_stm32f103xb.o(.text)
    I2C2_EV_IRQHandler                       0x0800011b   Thumb Code     0  startup_stm32f103xb.o(.text)
    PVD_IRQHandler                           0x0800011b   Thumb Code     0  startup_stm32f103xb.o(.text)
    RCC_IRQHandler                           0x0800011b   Thumb Code     0  startup_stm32f103xb.o(.text)
    RTC_Alarm_IRQHandler                     0x0800011b   Thumb Code     0  startup_stm32f103xb.o(.text)
    RTC_IRQHandler                           0x0800011b   Thumb Code     0  startup_stm32f103xb.o(.text)
    SPI1_IRQHandler                          0x0800011b   Thumb Code     0  startup_stm32f103xb.o(.text)
    SPI2_IRQHandler                          0x0800011b   Thumb Code     0  startup_stm32f103xb.o(.text)
    TAMPER_IRQHandler                        0x0800011b   Thumb Code     0  startup_stm32f103xb.o(.text)
    TIM1_BRK_IRQHandler                      0x0800011b   Thumb Code     0  startup_stm32f103xb.o(.text)
    TIM1_CC_IRQHandler                       0x0800011b   Thumb Code     0  startup_stm32f103xb.o(.text)
    TIM1_TRG_COM_IRQHandler                  0x0800011b   Thumb Code     0  startup_stm32f103xb.o(.text)
    TIM2_IRQHandler                          0x0800011b   Thumb Code     0  startup_stm32f103xb.o(.text)
    TIM3_IRQHandler                          0x0800011b   Thumb Code     0  startup_stm32f103xb.o(.text)
    TIM4_IRQHandler                          0x0800011b   Thumb Code     0  startup_stm32f103xb.o(.text)
    USART1_IRQHandler                        0x0800011b   Thumb Code     0  startup_stm32f103xb.o(.text)
    USART2_IRQHandler                        0x0800011b   Thumb Code     0  startup_stm32f103xb.o(.text)
    USART3_IRQHandler                        0x0800011b   Thumb Code     0  startup_stm32f103xb.o(.text)
    USBWakeUp_IRQHandler                     0x0800011b   Thumb Code     0  startup_stm32f103xb.o(.text)
    USB_HP_CAN1_TX_IRQHandler                0x0800011b   Thumb Code     0  startup_stm32f103xb.o(.text)
    USB_LP_CAN1_RX0_IRQHandler               0x0800011b   Thumb Code     0  startup_stm32f103xb.o(.text)
    WWDG_IRQHandler                          0x0800011b   Thumb Code     0  startup_stm32f103xb.o(.text)
    __aeabi_fmul                             0x08000125   Thumb Code   100  fmul.o(.text)
    __aeabi_fdiv                             0x08000189   Thumb Code   124  fdiv.o(.text)
    __aeabi_dmul                             0x08000205   Thumb Code   228  dmul.o(.text)
    __aeabi_fcmple                           0x080002e9   Thumb Code    28  fcmple.o(.text)
    __aeabi_fcmpge                           0x08000305   Thumb Code    28  fcmpge.o(.text)
    __aeabi_fcmpgt                           0x08000321   Thumb Code    28  fcmpgt.o(.text)
    __aeabi_i2f                              0x0800033d   Thumb Code    18  fflti.o(.text)
    __aeabi_i2d                              0x0800034f   Thumb Code    34  dflti.o(.text)
    __aeabi_ui2d                             0x08000371   Thumb Code    26  dfltui.o(.text)
    __aeabi_f2iz                             0x0800038b   Thumb Code    50  ffixi.o(.text)
    __aeabi_d2iz                             0x080003bd   Thumb Code    62  dfixi.o(.text)
    __aeabi_d2f                              0x080003fb   Thumb Code    56  d2f.o(.text)
    __aeabi_llsr                             0x08000433   Thumb Code    32  llushr.o(.text)
    _ll_ushift_r                             0x08000433   Thumb Code     0  llushr.o(.text)
    __I$use$fp                               0x08000453   Thumb Code     0  iusefp.o(.text)
    _float_round                             0x08000453   Thumb Code    18  fepilogue.o(.text)
    _float_epilogue                          0x08000465   Thumb Code    92  fepilogue.o(.text)
    _double_round                            0x080004c1   Thumb Code    30  depilogue.o(.text)
    _double_epilogue                         0x080004df   Thumb Code   156  depilogue.o(.text)
    __scatterload                            0x0800057d   Thumb Code    38  init.o(.text)
    __scatterload_rt2                        0x0800057d   Thumb Code     0  init.o(.text)
    __aeabi_llsl                             0x080005ad   Thumb Code    30  llshl.o(.text)
    _ll_shift_l                              0x080005ad   Thumb Code     0  llshl.o(.text)
    ADC_DMAConvCplt                          0x080005cd   Thumb Code    82  stm32f1xx_hal_adc.o(.text.ADC_DMAConvCplt)
    ADC_DMAError                             0x08000621   Thumb Code    22  stm32f1xx_hal_adc.o(.text.ADC_DMAError)
    ADC_DMAHalfConvCplt                      0x08000639   Thumb Code     6  stm32f1xx_hal_adc.o(.text.ADC_DMAHalfConvCplt)
    ADC_Enable                               0x08000641   Thumb Code   174  stm32f1xx_hal_adc.o(.text.ADC_Enable)
    BusFault_Handler                         0x080006f1   Thumb Code     2  stm32f1xx_it.o(.text.BusFault_Handler)
    DMA1_Channel1_IRQHandler                 0x080006f5   Thumb Code    12  stm32f1xx_it.o(.text.DMA1_Channel1_IRQHandler)
    DebugMon_Handler                         0x08000701   Thumb Code     2  stm32f1xx_it.o(.text.DebugMon_Handler)
    EXTI15_10_IRQHandler                     0x08000705   Thumb Code     8  stm32f1xx_it.o(.text.EXTI15_10_IRQHandler)
    Error_Handler                            0x0800070d   Thumb Code    10  main.o(.text.Error_Handler)
    FLASH_WaitForLastOperation               0x08000719   Thumb Code   198  stm32f1xx_hal_flash.o(.text.FLASH_WaitForLastOperation)
    HAL_ADC_ConfigChannel                    0x080007e1   Thumb Code   374  stm32f1xx_hal_adc.o(.text.HAL_ADC_ConfigChannel)
    HAL_ADC_ConvCpltCallback                 0x08000959   Thumb Code     2  stm32f1xx_hal_adc.o(.text.HAL_ADC_ConvCpltCallback)
    HAL_ADC_ConvHalfCpltCallback             0x0800095d   Thumb Code     2  stm32f1xx_hal_adc.o(.text.HAL_ADC_ConvHalfCpltCallback)
    HAL_ADC_ErrorCallback                    0x08000961   Thumb Code     2  stm32f1xx_hal_adc.o(.text.HAL_ADC_ErrorCallback)
    HAL_ADC_Init                             0x08000965   Thumb Code   344  stm32f1xx_hal_adc.o(.text.HAL_ADC_Init)
    HAL_ADC_MspInit                          0x08000abd   Thumb Code   168  stm32f1xx_hal_msp.o(.text.HAL_ADC_MspInit)
    HAL_ADC_Start_DMA                        0x08000b65   Thumb Code   296  stm32f1xx_hal_adc.o(.text.HAL_ADC_Start_DMA)
    HAL_DMA_IRQHandler                       0x08000c8d   Thumb Code   416  stm32f1xx_hal_dma.o(.text.HAL_DMA_IRQHandler)
    HAL_DMA_Init                             0x08000e2d   Thumb Code   132  stm32f1xx_hal_dma.o(.text.HAL_DMA_Init)
    HAL_DMA_Start_IT                         0x08000eb1   Thumb Code   160  stm32f1xx_hal_dma.o(.text.HAL_DMA_Start_IT)
    HAL_Delay                                0x08000f51   Thumb Code    40  stm32f1xx_hal.o(.text.HAL_Delay)
    HAL_FLASHEx_Erase                        0x08000f79   Thumb Code   238  stm32f1xx_hal_flash_ex.o(.text.HAL_FLASHEx_Erase)
    HAL_FLASH_Lock                           0x08001069   Thumb Code    20  stm32f1xx_hal_flash.o(.text.HAL_FLASH_Lock)
    HAL_FLASH_Program                        0x0800107d   Thumb Code   278  stm32f1xx_hal_flash.o(.text.HAL_FLASH_Program)
    HAL_FLASH_Unlock                         0x08001195   Thumb Code    46  stm32f1xx_hal_flash.o(.text.HAL_FLASH_Unlock)
    HAL_GPIO_EXTI_Callback                   0x080011c5   Thumb Code    14  robot.o(.text.HAL_GPIO_EXTI_Callback)
    HAL_GPIO_EXTI_IRQHandler                 0x080011d5   Thumb Code    22  stm32f1xx_hal_gpio.o(.text.HAL_GPIO_EXTI_IRQHandler)
    HAL_GPIO_Init                            0x080011ed   Thumb Code   526  stm32f1xx_hal_gpio.o(.text.HAL_GPIO_Init)
    HAL_GPIO_ReadPin                         0x080013fd   Thumb Code    10  stm32f1xx_hal_gpio.o(.text.HAL_GPIO_ReadPin)
    HAL_GPIO_WritePin                        0x08001409   Thumb Code    10  stm32f1xx_hal_gpio.o(.text.HAL_GPIO_WritePin)
    HAL_GetTick                              0x08001415   Thumb Code    12  stm32f1xx_hal.o(.text.HAL_GetTick)
    HAL_IncTick                              0x08001421   Thumb Code    26  stm32f1xx_hal.o(.text.HAL_IncTick)
    HAL_Init                                 0x0800143d   Thumb Code    38  stm32f1xx_hal.o(.text.HAL_Init)
    HAL_InitTick                             0x08001465   Thumb Code    72  stm32f1xx_hal.o(.text.HAL_InitTick)
    HAL_MspInit                              0x080014ad   Thumb Code    66  stm32f1xx_hal_msp.o(.text.HAL_MspInit)
    HAL_NVIC_EnableIRQ                       0x080014f1   Thumb Code    34  stm32f1xx_hal_cortex.o(.text.HAL_NVIC_EnableIRQ)
    HAL_NVIC_SetPriority                     0x08001515   Thumb Code    86  stm32f1xx_hal_cortex.o(.text.HAL_NVIC_SetPriority)
    HAL_NVIC_SetPriorityGrouping             0x0800156d   Thumb Code    32  stm32f1xx_hal_cortex.o(.text.HAL_NVIC_SetPriorityGrouping)
    HAL_RCCEx_PeriphCLKConfig                0x0800158d   Thumb Code   258  stm32f1xx_hal_rcc_ex.o(.text.HAL_RCCEx_PeriphCLKConfig)
    HAL_RCC_ClockConfig                      0x08001691   Thumb Code   442  stm32f1xx_hal_rcc.o(.text.HAL_RCC_ClockConfig)
    HAL_RCC_OscConfig                        0x0800184d   Thumb Code  1024  stm32f1xx_hal_rcc.o(.text.HAL_RCC_OscConfig)
    HAL_SYSTICK_Config                       0x08001c4d   Thumb Code    44  stm32f1xx_hal_cortex.o(.text.HAL_SYSTICK_Config)
    HAL_TIMEx_BreakCallback                  0x08001c79   Thumb Code     2  stm32f1xx_hal_tim_ex.o(.text.HAL_TIMEx_BreakCallback)
    HAL_TIMEx_CommutCallback                 0x08001c7d   Thumb Code     2  stm32f1xx_hal_tim_ex.o(.text.HAL_TIMEx_CommutCallback)
    HAL_TIMEx_MasterConfigSynchronization    0x08001c81   Thumb Code   126  stm32f1xx_hal_tim_ex.o(.text.HAL_TIMEx_MasterConfigSynchronization)
    HAL_TIM_Base_Init                        0x08001d01   Thumb Code   236  stm32f1xx_hal_tim.o(.text.HAL_TIM_Base_Init)
    HAL_TIM_Base_MspInit                     0x08001ded   Thumb Code   110  stm32f1xx_hal_msp.o(.text.HAL_TIM_Base_MspInit)
    HAL_TIM_Base_Start                       0x08001e5d   Thumb Code   102  stm32f1xx_hal_tim.o(.text.HAL_TIM_Base_Start)
    HAL_TIM_Base_Start_IT                    0x08001ec5   Thumb Code   110  stm32f1xx_hal_tim.o(.text.HAL_TIM_Base_Start_IT)
    HAL_TIM_Base_Stop                        0x08001f35   Thumb Code    52  stm32f1xx_hal_tim.o(.text.HAL_TIM_Base_Stop)
    HAL_TIM_ConfigClockSource                0x08001f69   Thumb Code   416  stm32f1xx_hal_tim.o(.text.HAL_TIM_ConfigClockSource)
    HAL_TIM_IC_CaptureCallback               0x08002109   Thumb Code     2  stm32f1xx_hal_tim.o(.text.HAL_TIM_IC_CaptureCallback)
    HAL_TIM_IRQHandler                       0x0800210d   Thumb Code   368  stm32f1xx_hal_tim.o(.text.HAL_TIM_IRQHandler)
    HAL_TIM_MspPostInit                      0x0800227d   Thumb Code   174  stm32f1xx_hal_msp.o(.text.HAL_TIM_MspPostInit)
    HAL_TIM_OC_DelayElapsedCallback          0x0800232d   Thumb Code     2  stm32f1xx_hal_tim.o(.text.HAL_TIM_OC_DelayElapsedCallback)
    HAL_TIM_PWM_ConfigChannel                0x08002331   Thumb Code   516  stm32f1xx_hal_tim.o(.text.HAL_TIM_PWM_ConfigChannel)
    HAL_TIM_PWM_Init                         0x08002535   Thumb Code   236  stm32f1xx_hal_tim.o(.text.HAL_TIM_PWM_Init)
    HAL_TIM_PWM_MspInit                      0x08002621   Thumb Code    82  stm32f1xx_hal_msp.o(.text.HAL_TIM_PWM_MspInit)
    HAL_TIM_PWM_PulseFinishedCallback        0x08002675   Thumb Code     2  stm32f1xx_hal_tim.o(.text.HAL_TIM_PWM_PulseFinishedCallback)
    HAL_TIM_PWM_Start                        0x08002679   Thumb Code   218  stm32f1xx_hal_tim.o(.text.HAL_TIM_PWM_Start)
    HAL_TIM_PeriodElapsedCallback            0x08002755   Thumb Code    12  main.o(.text.HAL_TIM_PeriodElapsedCallback)
    HAL_TIM_TriggerCallback                  0x08002761   Thumb Code     2  stm32f1xx_hal_tim.o(.text.HAL_TIM_TriggerCallback)
    HardFault_Handler                        0x08002765   Thumb Code     2  stm32f1xx_it.o(.text.HardFault_Handler)
    MemManage_Handler                        0x08002769   Thumb Code     2  stm32f1xx_it.o(.text.MemManage_Handler)
    NMI_Handler                              0x0800276d   Thumb Code     2  stm32f1xx_it.o(.text.NMI_Handler)
    PendSV_Handler                           0x08002771   Thumb Code     2  stm32f1xx_it.o(.text.PendSV_Handler)
    SVC_Handler                              0x08002775   Thumb Code     2  stm32f1xx_it.o(.text.SVC_Handler)
    SysTick_Handler                          0x08002779   Thumb Code     4  stm32f1xx_it.o(.text.SysTick_Handler)
    SystemInit                               0x0800277d   Thumb Code     2  system_stm32f1xx.o(.text.SystemInit)
    TIM1_UP_IRQHandler                       0x08002781   Thumb Code    12  stm32f1xx_it.o(.text.TIM1_UP_IRQHandler)
    UsageFault_Handler                       0x0800278d   Thumb Code     2  stm32f1xx_it.o(.text.UsageFault_Handler)
    adc_init                                 0x08002791   Thumb Code    74  adc.o(.text.adc_init)
    beep_long                                0x080027dd   Thumb Code    62  buzzer.o(.text.beep_long)
    button_init                              0x0800281d   Thumb Code    10  button.o(.text.button_init)
    button_multi_handle                      0x08002829   Thumb Code   134  button.o(.text.button_multi_handle)
    buzzer_init                              0x080028b1   Thumb Code    20  buzzer.o(.text.buzzer_init)
    calib_sensor                             0x080028c5   Thumb Code    80  calib.o(.text.calib_sensor)
    calib_servo                              0x08002915   Thumb Code   114  calib.o(.text.calib_servo)
    check_sonic                              0x08002989   Thumb Code    78  calib.o(.text.check_sonic)
    d_check_crossline                        0x080029d9   Thumb Code    50  robot.o(.text.d_check_crossline)
    d_check_leftline                         0x08002a0d   Thumb Code    82  robot.o(.text.d_check_leftline)
    d_check_rightline                        0x08002a61   Thumb Code    86  robot.o(.text.d_check_rightline)
    flash_erease                             0x08002ab9   Thumb Code    26  flash.o(.text.flash_erease)
    flash_lock                               0x08002ad5   Thumb Code     4  flash.o(.text.flash_lock)
    flash_read_arr                           0x08002ad9   Thumb Code    86  flash.o(.text.flash_read_arr)
    flash_unlock                             0x08002b31   Thumb Code     4  flash.o(.text.flash_unlock)
    flash_write_arr                          0x08002b35   Thumb Code    48  flash.o(.text.flash_write_arr)
    get_button                               0x08002b65   Thumb Code    10  button.o(.text.get_button)
    get_sensor_mask                          0x08002b71   Thumb Code   154  adc.o(.text.get_sensor_mask)
    get_sw_mask                              0x08002c0d   Thumb Code   202  dip_switch.o(.text.get_sw_mask)
    handle                                   0x08002cd9   Thumb Code    34  servo.o(.text.handle)
    handle_and_speed                         0x08002cfd   Thumb Code   182  robot.o(.text.handle_and_speed)
    handle_brake2                            0x08002db5   Thumb Code   106  robot.o(.text.handle_brake2)
    led_out                                  0x08002e21   Thumb Code   326  leds.o(.text.led_out)
    leds_init                                0x08002f69   Thumb Code    84  leds.o(.text.leds_init)
    loop                                     0x08002fbd   Thumb Code   344  robot.o(.text.loop)
    main                                     0x08003115   Thumb Code  1384  main.o(.text.main)
    motor_check                              0x0800367d   Thumb Code   120  calib.o(.text.motor_check)
    motors_init                              0x080036f5   Thumb Code    74  motor.o(.text.motors_init)
    read_servo_center                        0x08003741   Thumb Code    50  servo.o(.text.read_servo_center)
    read_vcompare                            0x08003775   Thumb Code   114  adc.o(.text.read_vcompare)
    rgb_init                                 0x080037e9   Thumb Code    44  rgb.o(.text.rgb_init)
    rgb_setcolor                             0x08003815   Thumb Code    92  rgb.o(.text.rgb_setcolor)
    robot_high_speed                         0x08003871   Thumb Code  7510  robot.o(.text.robot_high_speed)
    robot_init                               0x080055c9   Thumb Code   370  robot.o(.text.robot_init)
    run_with_gate_bar                        0x0800573d   Thumb Code   104  calib.o(.text.run_with_gate_bar)
    save_servo_center                        0x080057a5   Thumb Code    66  servo.o(.text.save_servo_center)
    servo_init                               0x080057e9   Thumb Code    36  servo.o(.text.servo_init)
    set_brake                                0x0800580d   Thumb Code    34  motor.o(.text.set_brake)
    set_speed                                0x08005831   Thumb Code   148  motor.o(.text.set_speed)
    sonic_callback                           0x080058c5   Thumb Code    76  sonic.o(.text.sonic_callback)
    sonic_dist                               0x08005911   Thumb Code   112  sonic.o(.text.sonic_dist)
    sonic_init                               0x08005981   Thumb Code    20  sonic.o(.text.sonic_init)
    sw_handle                                0x08005995   Thumb Code   134  dip_switch.o(.text.sw_handle)
    sw_init                                  0x08005a1d   Thumb Code    20  dip_switch.o(.text.sw_init)
    timer_handle                             0x08005a31   Thumb Code   112  robot.o(.text.timer_handle)
    update_black                             0x08005aa1   Thumb Code   164  adc.o(.text.update_black)
    update_servo_center                      0x08005b45   Thumb Code     8  servo.o(.text.update_servo_center)
    update_white                             0x08005b4d   Thumb Code   164  adc.o(.text.update_white)
    write_read_sensor_value                  0x08005bf1   Thumb Code    80  calib.o(.text.write_read_sensor_value)
    write_vcompare                           0x08005c41   Thumb Code   200  adc.o(.text.write_vcompare)
    __scatterload_copy                       0x08005d09   Thumb Code    14  handlers.o(i.__scatterload_copy)
    __scatterload_null                       0x08005d17   Thumb Code     2  handlers.o(i.__scatterload_null)
    __scatterload_zeroinit                   0x08005d19   Thumb Code    14  handlers.o(i.__scatterload_zeroinit)
    AHBPrescTable                            0x08005d38   Data          16  system_stm32f1xx.o(.rodata.AHBPrescTable)
    coeffR1                                  0x08005d4a   Data          50  robot.o(.rodata.coeffR1)
    Region$$Table$$Base                      0x08005d8c   Number         0  anon$$obj.o(Region$$Table)
    Region$$Table$$Limit                     0x08005dac   Number         0  anon$$obj.o(Region$$Table)
    rgb_pins                                 0x20000000   Data           6  robot.o(.data..L_MergedGlobals)
    motor_ports                              0x20000008   Data           8  robot.o(.data..L_MergedGlobals)
    led_pins                                 0x20000010   Data          10  robot.o(.data..L_MergedGlobals)
    rgb_ports                                0x2000001c   Data          12  robot.o(.data..L_MergedGlobals)
    motor_pins                               0x20000028   Data          12  robot.o(.data..L_MergedGlobals)
    dip                                      0x20000034   Data          12  robot.o(.data..L_MergedGlobals)
    button                                   0x20000040   Data          12  robot.o(.data..L_MergedGlobals)
    calib_weight                             0x2000004c   Data          16  robot.o(.data..L_MergedGlobals)
    uwTickFreq                               0x2000005c   Data           1  stm32f1xx_hal.o(.data..L_MergedGlobals)
    uwTickPrio                               0x20000060   Data           4  stm32f1xx_hal.o(.data..L_MergedGlobals)
    SystemCoreClock                          0x20000064   Data           4  system_stm32f1xx.o(.data.SystemCoreClock)
    htim                                     0x20000068   Data          16  main.o(.data.htim)
    hadc1                                    0x20000078   Data          48  main.o(.bss..L_MergedGlobals)
    hdma_adc1                                0x200000a8   Data          68  main.o(.bss..L_MergedGlobals)
    buzzer                                   0x200000ec   Data          12  robot.o(.bss..L_MergedGlobals.1)
    servo                                    0x200000f8   Data          12  robot.o(.bss..L_MergedGlobals.1)
    sonic                                    0x20000104   Data          16  robot.o(.bss..L_MergedGlobals.1)
    led                                      0x20000114   Data          16  robot.o(.bss..L_MergedGlobals.1)
    dip1                                     0x20000124   Data          24  robot.o(.bss..L_MergedGlobals.1)
    dip2                                     0x2000013c   Data          24  robot.o(.bss..L_MergedGlobals.1)
    dip3                                     0x20000154   Data          24  robot.o(.bss..L_MergedGlobals.2)
    button1                                  0x2000016c   Data          24  robot.o(.bss..L_MergedGlobals.2)
    button2                                  0x20000184   Data          24  robot.o(.bss..L_MergedGlobals.2)
    button3                                  0x2000019c   Data          24  robot.o(.bss..L_MergedGlobals.2)
    motor                                    0x200001b4   Data          28  robot.o(.bss..L_MergedGlobals.2)
    rgb                                      0x200001d0   Data          32  robot.o(.bss..L_MergedGlobals.3)
    line_sensor                              0x200001f0   Data          92  robot.o(.bss..L_MergedGlobals.3)
    MCR_robot                                0x2000024c   Data         112  main.o(.bss.MCR_robot)
    htim1                                    0x200002bc   Data          72  main.o(.bss.htim1)
    htim2                                    0x20000304   Data          72  main.o(.bss.htim2)
    htim3                                    0x2000034c   Data          72  main.o(.bss.htim3)
    htim4                                    0x20000394   Data          72  main.o(.bss.htim4)
    pFlash                                   0x200003e0   Data          32  stm32f1xx_hal_flash.o(.bss.pFlash)
    uwTick                                   0x20000404   Data           4  stm32f1xx_hal.o(.bss.uwTick)
    __initial_sp                             0x20000808   Data           0  startup_stm32f103xb.o(STACK)



==============================================================================

Memory Map of the image

  Image Entry point : 0x080000ed

  Load Region LR_IROM1 (Base: 0x08000000, Size: 0x00005e28, Max: 0x00010000, ABSOLUTE)

    Execution Region ER_IROM1 (Exec base: 0x08000000, Load base: 0x08000000, Size: 0x00005dac, Max: 0x00010000, ABSOLUTE)

    Exec Addr    Load Addr    Size         Type   Attr      Idx    E Section Name        Object

    0x08000000   0x08000000   0x000000ec   Data   RO            3    RESET               startup_stm32f103xb.o
    0x080000ec   0x080000ec   0x00000000   Code   RO         1095  * .ARM.Collect$$$$00000000  mc_w.l(entry.o)
    0x080000ec   0x080000ec   0x00000004   Code   RO         1124    .ARM.Collect$$$$00000001  mc_w.l(entry2.o)
    0x080000f0   0x080000f0   0x00000004   Code   RO         1127    .ARM.Collect$$$$00000004  mc_w.l(entry5.o)
    0x080000f4   0x080000f4   0x00000000   Code   RO         1129    .ARM.Collect$$$$00000008  mc_w.l(entry7b.o)
    0x080000f4   0x080000f4   0x00000000   Code   RO         1131    .ARM.Collect$$$$0000000A  mc_w.l(entry8b.o)
    0x080000f4   0x080000f4   0x00000008   Code   RO         1132    .ARM.Collect$$$$0000000B  mc_w.l(entry9a.o)
    0x080000fc   0x080000fc   0x00000000   Code   RO         1134    .ARM.Collect$$$$0000000D  mc_w.l(entry10a.o)
    0x080000fc   0x080000fc   0x00000000   Code   RO         1136    .ARM.Collect$$$$0000000F  mc_w.l(entry11a.o)
    0x080000fc   0x080000fc   0x00000004   Code   RO         1125    .ARM.Collect$$$$00002712  mc_w.l(entry2.o)
    0x08000100   0x08000100   0x00000024   Code   RO            4    .text               startup_stm32f103xb.o
    0x08000124   0x08000124   0x00000064   Code   RO         1100    .text               mf_w.l(fmul.o)
    0x08000188   0x08000188   0x0000007c   Code   RO         1102    .text               mf_w.l(fdiv.o)
    0x08000204   0x08000204   0x000000e4   Code   RO         1104    .text               mf_w.l(dmul.o)
    0x080002e8   0x080002e8   0x0000001c   Code   RO         1106    .text               mf_w.l(fcmple.o)
    0x08000304   0x08000304   0x0000001c   Code   RO         1108    .text               mf_w.l(fcmpge.o)
    0x08000320   0x08000320   0x0000001c   Code   RO         1110    .text               mf_w.l(fcmpgt.o)
    0x0800033c   0x0800033c   0x00000012   Code   RO         1112    .text               mf_w.l(fflti.o)
    0x0800034e   0x0800034e   0x00000022   Code   RO         1114    .text               mf_w.l(dflti.o)
    0x08000370   0x08000370   0x0000001a   Code   RO         1116    .text               mf_w.l(dfltui.o)
    0x0800038a   0x0800038a   0x00000032   Code   RO         1118    .text               mf_w.l(ffixi.o)
    0x080003bc   0x080003bc   0x0000003e   Code   RO         1120    .text               mf_w.l(dfixi.o)
    0x080003fa   0x080003fa   0x00000038   Code   RO         1122    .text               mf_w.l(d2f.o)
    0x08000432   0x08000432   0x00000020   Code   RO         1138    .text               mc_w.l(llushr.o)
    0x08000452   0x08000452   0x00000000   Code   RO         1140    .text               mc_w.l(iusefp.o)
    0x08000452   0x08000452   0x0000006e   Code   RO         1141    .text               mf_w.l(fepilogue.o)
    0x080004c0   0x080004c0   0x000000ba   Code   RO         1143    .text               mf_w.l(depilogue.o)
    0x0800057a   0x0800057a   0x00000002   PAD
    0x0800057c   0x0800057c   0x00000030   Code   RO         1145    .text               mc_w.l(init.o)
    0x080005ac   0x080005ac   0x0000001e   Code   RO         1147    .text               mc_w.l(llshl.o)
    0x080005ca   0x080005ca   0x00000002   PAD
    0x080005cc   0x080005cc   0x00000052   Code   RO          359    .text.ADC_DMAConvCplt  stm32f1xx_hal_adc.o
    0x0800061e   0x0800061e   0x00000002   PAD
    0x08000620   0x08000620   0x00000016   Code   RO          363    .text.ADC_DMAError  stm32f1xx_hal_adc.o
    0x08000636   0x08000636   0x00000002   PAD
    0x08000638   0x08000638   0x00000006   Code   RO          361    .text.ADC_DMAHalfConvCplt  stm32f1xx_hal_adc.o
    0x0800063e   0x0800063e   0x00000002   PAD
    0x08000640   0x08000640   0x000000ae   Code   RO          345    .text.ADC_Enable    stm32f1xx_hal_adc.o
    0x080006ee   0x080006ee   0x00000002   PAD
    0x080006f0   0x080006f0   0x00000002   Code   RO           41    .text.BusFault_Handler  stm32f1xx_it.o
    0x080006f2   0x080006f2   0x00000002   PAD
    0x080006f4   0x080006f4   0x0000000c   Code   RO           53    .text.DMA1_Channel1_IRQHandler  stm32f1xx_it.o
    0x08000700   0x08000700   0x00000002   Code   RO           47    .text.DebugMon_Handler  stm32f1xx_it.o
    0x08000702   0x08000702   0x00000002   PAD
    0x08000704   0x08000704   0x00000008   Code   RO           57    .text.EXTI15_10_IRQHandler  stm32f1xx_it.o
    0x0800070c   0x0800070c   0x0000000a   Code   RO           17    .text.Error_Handler  main.o
    0x08000716   0x08000716   0x00000002   PAD
    0x08000718   0x08000718   0x000000c6   Code   RO          683    .text.FLASH_WaitForLastOperation  stm32f1xx_hal_flash.o
    0x080007de   0x080007de   0x00000002   PAD
    0x080007e0   0x080007e0   0x00000176   Code   RO          379    .text.HAL_ADC_ConfigChannel  stm32f1xx_hal_adc.o
    0x08000956   0x08000956   0x00000002   PAD
    0x08000958   0x08000958   0x00000002   Code   RO          371    .text.HAL_ADC_ConvCpltCallback  stm32f1xx_hal_adc.o
    0x0800095a   0x0800095a   0x00000002   PAD
    0x0800095c   0x0800095c   0x00000002   Code   RO          375    .text.HAL_ADC_ConvHalfCpltCallback  stm32f1xx_hal_adc.o
    0x0800095e   0x0800095e   0x00000002   PAD
    0x08000960   0x08000960   0x00000002   Code   RO          377    .text.HAL_ADC_ErrorCallback  stm32f1xx_hal_adc.o
    0x08000962   0x08000962   0x00000002   PAD
    0x08000964   0x08000964   0x00000158   Code   RO          333    .text.HAL_ADC_Init  stm32f1xx_hal_adc.o
    0x08000abc   0x08000abc   0x000000a8   Code   RO           68    .text.HAL_ADC_MspInit  stm32f1xx_hal_msp.o
    0x08000b64   0x08000b64   0x00000128   Code   RO          357    .text.HAL_ADC_Start_DMA  stm32f1xx_hal_adc.o
    0x08000c8c   0x08000c8c   0x000001a0   Code   RO          579    .text.HAL_DMA_IRQHandler  stm32f1xx_hal_dma.o
    0x08000e2c   0x08000e2c   0x00000084   Code   RO          565    .text.HAL_DMA_Init  stm32f1xx_hal_dma.o
    0x08000eb0   0x08000eb0   0x000000a0   Code   RO          571    .text.HAL_DMA_Start_IT  stm32f1xx_hal_dma.o
    0x08000f50   0x08000f50   0x00000028   Code   RO          449    .text.HAL_Delay     stm32f1xx_hal.o
    0x08000f78   0x08000f78   0x000000ee   Code   RO          714    .text.HAL_FLASHEx_Erase  stm32f1xx_hal_flash_ex.o
    0x08001066   0x08001066   0x00000002   PAD
    0x08001068   0x08001068   0x00000014   Code   RO          695    .text.HAL_FLASH_Lock  stm32f1xx_hal_flash.o
    0x0800107c   0x0800107c   0x00000116   Code   RO          681    .text.HAL_FLASH_Program  stm32f1xx_hal_flash.o
    0x08001192   0x08001192   0x00000002   PAD
    0x08001194   0x08001194   0x0000002e   Code   RO          693    .text.HAL_FLASH_Unlock  stm32f1xx_hal_flash.o
    0x080011c2   0x080011c2   0x00000002   PAD
    0x080011c4   0x080011c4   0x0000000e   Code   RO           90    .text.HAL_GPIO_EXTI_Callback  robot.o
    0x080011d2   0x080011d2   0x00000002   PAD
    0x080011d4   0x080011d4   0x00000016   Code   RO          553    .text.HAL_GPIO_EXTI_IRQHandler  stm32f1xx_hal_gpio.o
    0x080011ea   0x080011ea   0x00000002   PAD
    0x080011ec   0x080011ec   0x0000020e   Code   RO          541    .text.HAL_GPIO_Init  stm32f1xx_hal_gpio.o
    0x080013fa   0x080013fa   0x00000002   PAD
    0x080013fc   0x080013fc   0x0000000a   Code   RO          545    .text.HAL_GPIO_ReadPin  stm32f1xx_hal_gpio.o
    0x08001406   0x08001406   0x00000002   PAD
    0x08001408   0x08001408   0x0000000a   Code   RO          547    .text.HAL_GPIO_WritePin  stm32f1xx_hal_gpio.o
    0x08001412   0x08001412   0x00000002   PAD
    0x08001414   0x08001414   0x0000000c   Code   RO          441    .text.HAL_GetTick   stm32f1xx_hal.o
    0x08001420   0x08001420   0x0000001a   Code   RO          439    .text.HAL_IncTick   stm32f1xx_hal.o
    0x0800143a   0x0800143a   0x00000002   PAD
    0x0800143c   0x0800143c   0x00000026   Code   RO          429    .text.HAL_Init      stm32f1xx_hal.o
    0x08001462   0x08001462   0x00000002   PAD
    0x08001464   0x08001464   0x00000048   Code   RO          431    .text.HAL_InitTick  stm32f1xx_hal.o
    0x080014ac   0x080014ac   0x00000042   Code   RO           66    .text.HAL_MspInit   stm32f1xx_hal_msp.o
    0x080014ee   0x080014ee   0x00000002   PAD
    0x080014f0   0x080014f0   0x00000022   Code   RO          601    .text.HAL_NVIC_EnableIRQ  stm32f1xx_hal_cortex.o
    0x08001512   0x08001512   0x00000002   PAD
    0x08001514   0x08001514   0x00000056   Code   RO          599    .text.HAL_NVIC_SetPriority  stm32f1xx_hal_cortex.o
    0x0800156a   0x0800156a   0x00000002   PAD
    0x0800156c   0x0800156c   0x00000020   Code   RO          597    .text.HAL_NVIC_SetPriorityGrouping  stm32f1xx_hal_cortex.o
    0x0800158c   0x0800158c   0x00000102   Code   RO          527    .text.HAL_RCCEx_PeriphCLKConfig  stm32f1xx_hal_rcc_ex.o
    0x0800168e   0x0800168e   0x00000002   PAD
    0x08001690   0x08001690   0x000001ba   Code   RO          493    .text.HAL_RCC_ClockConfig  stm32f1xx_hal_rcc.o
    0x0800184a   0x0800184a   0x00000002   PAD
    0x0800184c   0x0800184c   0x00000400   Code   RO          491    .text.HAL_RCC_OscConfig  stm32f1xx_hal_rcc.o
    0x08001c4c   0x08001c4c   0x0000002c   Code   RO          609    .text.HAL_SYSTICK_Config  stm32f1xx_hal_cortex.o
    0x08001c78   0x08001c78   0x00000002   Code   RO         1067    .text.HAL_TIMEx_BreakCallback  stm32f1xx_hal_tim_ex.o
    0x08001c7a   0x08001c7a   0x00000002   PAD
    0x08001c7c   0x08001c7c   0x00000002   Code   RO         1063    .text.HAL_TIMEx_CommutCallback  stm32f1xx_hal_tim_ex.o
    0x08001c7e   0x08001c7e   0x00000002   PAD
    0x08001c80   0x08001c80   0x0000007e   Code   RO         1057    .text.HAL_TIMEx_MasterConfigSynchronization  stm32f1xx_hal_tim_ex.o
    0x08001cfe   0x08001cfe   0x00000002   PAD
    0x08001d00   0x08001d00   0x000000ec   Code   RO          762    .text.HAL_TIM_Base_Init  stm32f1xx_hal_tim.o
    0x08001dec   0x08001dec   0x0000006e   Code   RO           72    .text.HAL_TIM_Base_MspInit  stm32f1xx_hal_msp.o
    0x08001e5a   0x08001e5a   0x00000002   PAD
    0x08001e5c   0x08001e5c   0x00000066   Code   RO          772    .text.HAL_TIM_Base_Start  stm32f1xx_hal_tim.o
    0x08001ec2   0x08001ec2   0x00000002   PAD
    0x08001ec4   0x08001ec4   0x0000006e   Code   RO          776    .text.HAL_TIM_Base_Start_IT  stm32f1xx_hal_tim.o
    0x08001f32   0x08001f32   0x00000002   PAD
    0x08001f34   0x08001f34   0x00000034   Code   RO          774    .text.HAL_TIM_Base_Stop  stm32f1xx_hal_tim.o
    0x08001f68   0x08001f68   0x000001a0   Code   RO          942    .text.HAL_TIM_ConfigClockSource  stm32f1xx_hal_tim.o
    0x08002108   0x08002108   0x00000002   Code   RO          898    .text.HAL_TIM_IC_CaptureCallback  stm32f1xx_hal_tim.o
    0x0800210a   0x0800210a   0x00000002   PAD
    0x0800210c   0x0800210c   0x00000170   Code   RO          896    .text.HAL_TIM_IRQHandler  stm32f1xx_hal_tim.o
    0x0800227c   0x0800227c   0x000000ae   Code   RO           76    .text.HAL_TIM_MspPostInit  stm32f1xx_hal_msp.o
    0x0800232a   0x0800232a   0x00000002   PAD
    0x0800232c   0x0800232c   0x00000002   Code   RO          900    .text.HAL_TIM_OC_DelayElapsedCallback  stm32f1xx_hal_tim.o
    0x0800232e   0x0800232e   0x00000002   PAD
    0x08002330   0x08002330   0x00000204   Code   RO          916    .text.HAL_TIM_PWM_ConfigChannel  stm32f1xx_hal_tim.o
    0x08002534   0x08002534   0x000000ec   Code   RO          816    .text.HAL_TIM_PWM_Init  stm32f1xx_hal_tim.o
    0x08002620   0x08002620   0x00000052   Code   RO           74    .text.HAL_TIM_PWM_MspInit  stm32f1xx_hal_msp.o
    0x08002672   0x08002672   0x00000002   PAD
    0x08002674   0x08002674   0x00000002   Code   RO          902    .text.HAL_TIM_PWM_PulseFinishedCallback  stm32f1xx_hal_tim.o
    0x08002676   0x08002676   0x00000002   PAD
    0x08002678   0x08002678   0x000000da   Code   RO          824    .text.HAL_TIM_PWM_Start  stm32f1xx_hal_tim.o
    0x08002752   0x08002752   0x00000002   PAD
    0x08002754   0x08002754   0x0000000c   Code   RO           11    .text.HAL_TIM_PeriodElapsedCallback  main.o
    0x08002760   0x08002760   0x00000002   Code   RO          906    .text.HAL_TIM_TriggerCallback  stm32f1xx_hal_tim.o
    0x08002762   0x08002762   0x00000002   PAD
    0x08002764   0x08002764   0x00000002   Code   RO           37    .text.HardFault_Handler  stm32f1xx_it.o
    0x08002766   0x08002766   0x00000002   PAD
    0x08002768   0x08002768   0x00000002   Code   RO           39    .text.MemManage_Handler  stm32f1xx_it.o
    0x0800276a   0x0800276a   0x00000002   PAD
    0x0800276c   0x0800276c   0x00000002   Code   RO           35    .text.NMI_Handler   stm32f1xx_it.o
    0x0800276e   0x0800276e   0x00000002   PAD
    0x08002770   0x08002770   0x00000002   Code   RO           49    .text.PendSV_Handler  stm32f1xx_it.o
    0x08002772   0x08002772   0x00000002   PAD
    0x08002774   0x08002774   0x00000002   Code   RO           45    .text.SVC_Handler   stm32f1xx_it.o
    0x08002776   0x08002776   0x00000002   PAD
    0x08002778   0x08002778   0x00000004   Code   RO           51    .text.SysTick_Handler  stm32f1xx_it.o
    0x0800277c   0x0800277c   0x00000002   Code   RO         1081    .text.SystemInit    system_stm32f1xx.o
    0x0800277e   0x0800277e   0x00000002   PAD
    0x08002780   0x08002780   0x0000000c   Code   RO           55    .text.TIM1_UP_IRQHandler  stm32f1xx_it.o
    0x0800278c   0x0800278c   0x00000002   Code   RO           43    .text.UsageFault_Handler  stm32f1xx_it.o
    0x0800278e   0x0800278e   0x00000002   PAD
    0x08002790   0x08002790   0x0000004a   Code   RO          214    .text.adc_init      adc.o
    0x080027da   0x080027da   0x00000002   PAD
    0x080027dc   0x080027dc   0x0000003e   Code   RO          202    .text.beep_long     buzzer.o
    0x0800281a   0x0800281a   0x00000002   PAD
    0x0800281c   0x0800281c   0x0000000a   Code   RO          246    .text.button_init   button.o
    0x08002826   0x08002826   0x00000002   PAD
    0x08002828   0x08002828   0x00000086   Code   RO          244    .text.button_multi_handle  button.o
    0x080028ae   0x080028ae   0x00000002   PAD
    0x080028b0   0x080028b0   0x00000014   Code   RO          200    .text.buzzer_init   buzzer.o
    0x080028c4   0x080028c4   0x00000050   Code   RO          129    .text.calib_sensor  calib.o
    0x08002914   0x08002914   0x00000072   Code   RO          127    .text.calib_servo   calib.o
    0x08002986   0x08002986   0x00000002   PAD
    0x08002988   0x08002988   0x0000004e   Code   RO          135    .text.check_sonic   calib.o
    0x080029d6   0x080029d6   0x00000002   PAD
    0x080029d8   0x080029d8   0x00000032   Code   RO          104    .text.d_check_crossline  robot.o
    0x08002a0a   0x08002a0a   0x00000002   PAD
    0x08002a0c   0x08002a0c   0x00000052   Code   RO          106    .text.d_check_leftline  robot.o
    0x08002a5e   0x08002a5e   0x00000002   PAD
    0x08002a60   0x08002a60   0x00000056   Code   RO          108    .text.d_check_rightline  robot.o
    0x08002ab6   0x08002ab6   0x00000002   PAD
    0x08002ab8   0x08002ab8   0x0000001a   Code   RO          262    .text.flash_erease  flash.o
    0x08002ad2   0x08002ad2   0x00000002   PAD
    0x08002ad4   0x08002ad4   0x00000004   Code   RO          260    .text.flash_lock    flash.o
    0x08002ad8   0x08002ad8   0x00000056   Code   RO          266    .text.flash_read_arr  flash.o
    0x08002b2e   0x08002b2e   0x00000002   PAD
    0x08002b30   0x08002b30   0x00000004   Code   RO          258    .text.flash_unlock  flash.o
    0x08002b34   0x08002b34   0x00000030   Code   RO          264    .text.flash_write_arr  flash.o
    0x08002b64   0x08002b64   0x0000000a   Code   RO          248    .text.get_button    button.o
    0x08002b6e   0x08002b6e   0x00000002   PAD
    0x08002b70   0x08002b70   0x0000009a   Code   RO          220    .text.get_sensor_mask  adc.o
    0x08002c0a   0x08002c0a   0x00000002   PAD
    0x08002c0c   0x08002c0c   0x000000ca   Code   RO          294    .text.get_sw_mask   dip_switch.o
    0x08002cd6   0x08002cd6   0x00000002   PAD
    0x08002cd8   0x08002cd8   0x00000022   Code   RO          153    .text.handle        servo.o
    0x08002cfa   0x08002cfa   0x00000002   PAD
    0x08002cfc   0x08002cfc   0x000000b6   Code   RO          100    .text.handle_and_speed  robot.o
    0x08002db2   0x08002db2   0x00000002   PAD
    0x08002db4   0x08002db4   0x0000006a   Code   RO          110    .text.handle_brake2  robot.o
    0x08002e1e   0x08002e1e   0x00000002   PAD
    0x08002e20   0x08002e20   0x00000146   Code   RO          190    .text.led_out       leds.o
    0x08002f66   0x08002f66   0x00000002   PAD
    0x08002f68   0x08002f68   0x00000054   Code   RO          188    .text.leds_init     leds.o
    0x08002fbc   0x08002fbc   0x00000158   Code   RO           94    .text.loop          robot.o
    0x08003114   0x08003114   0x00000568   Code   RO           13    .text.main          main.o
    0x0800367c   0x0800367c   0x00000078   Code   RO          133    .text.motor_check   calib.o
    0x080036f4   0x080036f4   0x0000004a   Code   RO          276    .text.motors_init   motor.o
    0x0800373e   0x0800373e   0x00000002   PAD
    0x08003740   0x08003740   0x00000032   Code   RO          159    .text.read_servo_center  servo.o
    0x08003772   0x08003772   0x00000002   PAD
    0x08003774   0x08003774   0x00000072   Code   RO          224    .text.read_vcompare  adc.o
    0x080037e6   0x080037e6   0x00000002   PAD
    0x080037e8   0x080037e8   0x0000002c   Code   RO          171    .text.rgb_init      rgb.o
    0x08003814   0x08003814   0x0000005c   Code   RO          173    .text.rgb_setcolor  rgb.o
    0x08003870   0x08003870   0x00001d56   Code   RO           96    .text.robot_high_speed  robot.o
    0x080055c6   0x080055c6   0x00000002   PAD
    0x080055c8   0x080055c8   0x00000172   Code   RO           92    .text.robot_init    robot.o
    0x0800573a   0x0800573a   0x00000002   PAD
    0x0800573c   0x0800573c   0x00000068   Code   RO          137    .text.run_with_gate_bar  calib.o
    0x080057a4   0x080057a4   0x00000042   Code   RO          161    .text.save_servo_center  servo.o
    0x080057e6   0x080057e6   0x00000002   PAD
    0x080057e8   0x080057e8   0x00000024   Code   RO          157    .text.servo_init    servo.o
    0x0800580c   0x0800580c   0x00000022   Code   RO          280    .text.set_brake     motor.o
    0x0800582e   0x0800582e   0x00000002   PAD
    0x08005830   0x08005830   0x00000094   Code   RO          278    .text.set_speed     motor.o
    0x080058c4   0x080058c4   0x0000004c   Code   RO          308    .text.sonic_callback  sonic.o
    0x08005910   0x08005910   0x00000070   Code   RO          306    .text.sonic_dist    sonic.o
    0x08005980   0x08005980   0x00000014   Code   RO          304    .text.sonic_init    sonic.o
    0x08005994   0x08005994   0x00000086   Code   RO          290    .text.sw_handle     dip_switch.o
    0x08005a1a   0x08005a1a   0x00000002   PAD
    0x08005a1c   0x08005a1c   0x00000014   Code   RO          292    .text.sw_init       dip_switch.o
    0x08005a30   0x08005a30   0x00000070   Code   RO           98    .text.timer_handle  robot.o
    0x08005aa0   0x08005aa0   0x000000a4   Code   RO          216    .text.update_black  adc.o
    0x08005b44   0x08005b44   0x00000008   Code   RO          155    .text.update_servo_center  servo.o
    0x08005b4c   0x08005b4c   0x000000a4   Code   RO          218    .text.update_white  adc.o
    0x08005bf0   0x08005bf0   0x00000050   Code   RO          131    .text.write_read_sensor_value  calib.o
    0x08005c40   0x08005c40   0x000000c8   Code   RO          222    .text.write_vcompare  adc.o
    0x08005d08   0x08005d08   0x0000000e   Code   RO         1151    i.__scatterload_copy  mc_w.l(handlers.o)
    0x08005d16   0x08005d16   0x00000002   Code   RO         1152    i.__scatterload_null  mc_w.l(handlers.o)
    0x08005d18   0x08005d18   0x0000000e   Code   RO         1153    i.__scatterload_zeroinit  mc_w.l(handlers.o)
    0x08005d26   0x08005d26   0x00000006   Data   RO          177    .rodata..Lswitch.table.rgb_blink  rgb.o
    0x08005d2c   0x08005d2c   0x00000006   Data   RO          178    .rodata..Lswitch.table.rgb_blink.3  rgb.o
    0x08005d32   0x08005d32   0x00000006   Data   RO          179    .rodata..Lswitch.table.rgb_blink.4  rgb.o
    0x08005d38   0x08005d38   0x00000010   Data   RO         1086    .rodata.AHBPrescTable  system_stm32f1xx.o
    0x08005d48   0x08005d48   0x00000002   Data   RO          518    .rodata.HAL_RCC_GetSysClockFreq.aPredivFactorTable  stm32f1xx_hal_rcc.o
    0x08005d4a   0x08005d4a   0x00000032   Data   RO          114    .rodata.coeffR1     robot.o
    0x08005d7c   0x08005d7c   0x00000010   Data   RO          517    .rodata.cst16       stm32f1xx_hal_rcc.o
    0x08005d8c   0x08005d8c   0x00000020   Data   RO         1150    Region$$Table       anon$$obj.o


    Execution Region RW_IRAM1 (Exec base: 0x20000000, Load base: 0x08005db0, Size: 0x00000808, Max: 0x00005000, ABSOLUTE)

    Exec Addr    Load Addr    Size         Type   Attr      Idx    E Section Name        Object

    0x20000000   0x08005db0   0x0000005c   Data   RW          115    .data..L_MergedGlobals  robot.o
    0x2000005c   0x08005e0c   0x00000008   Data   RW          480    .data..L_MergedGlobals  stm32f1xx_hal.o
    0x20000064   0x08005e14   0x00000004   Data   RW         1085    .data.SystemCoreClock  system_stm32f1xx.o
    0x20000068   0x08005e18   0x00000010   Data   RW           23    .data.htim          main.o
    0x20000078        -       0x00000074   Zero   RW           26    .bss..L_MergedGlobals  main.o
    0x200000ec        -       0x00000068   Zero   RW          116    .bss..L_MergedGlobals.1  robot.o
    0x20000154        -       0x0000007c   Zero   RW          117    .bss..L_MergedGlobals.2  robot.o
    0x200001d0        -       0x0000007c   Zero   RW          118    .bss..L_MergedGlobals.3  robot.o
    0x2000024c        -       0x00000070   Zero   RW           24    .bss.MCR_robot      main.o
    0x200002bc        -       0x00000048   Zero   RW           19    .bss.htim1          main.o
    0x20000304        -       0x00000048   Zero   RW           20    .bss.htim2          main.o
    0x2000034c        -       0x00000048   Zero   RW           21    .bss.htim3          main.o
    0x20000394        -       0x00000048   Zero   RW           22    .bss.htim4          main.o
    0x200003dc   0x08005e28   0x00000004   PAD
    0x200003e0        -       0x00000020   Zero   RW          705    .bss.pFlash         stm32f1xx_hal_flash.o
    0x20000400        -       0x00000004   Zero   RW          310    .bss.sonic_dist.kc  sonic.o
    0x20000404        -       0x00000004   Zero   RW          479    .bss.uwTick         stm32f1xx_hal.o
    0x20000408        -       0x00000400   Zero   RW            1    STACK               startup_stm32f103xb.o


==============================================================================

Image component sizes


      Code (inc. data)   RO Data    RW Data    ZI Data      Debug   Object Name

       870          0          0          0          0       5972   adc.o
       154          0          0          0          0       2929   button.o
        82          0          0          0          0       2397   buzzer.o
       576          0          0          0          0       8701   calib.o
       356          0          0          0          0       2932   dip_switch.o
       168          0          0          0          0       2478   flash.o
       410          0          0          0          0       2437   leds.o
      1406          0          0         16        516      14502   main.o
       256          0          0          0          0       5509   motor.o
       136          0         18          0          0       2850   rgb.o
      8856       2192         50         92        352      19502   robot.o
       194          0          0          0          0       5309   servo.o
       208          0          0          0          4       4978   sonic.o
        36          8        236          0       1024        832   startup_stm32f103xb.o
       188          0          0          8          4       5819   stm32f1xx_hal.o
      1304          0          0          0          0      13728   stm32f1xx_hal_adc.o
       196          0          0          0          0       8473   stm32f1xx_hal_cortex.o
       708          0          0          0          0       8340   stm32f1xx_hal_dma.o
       542          0          0          0         32       6034   stm32f1xx_hal_flash.o
       238          0          0          0          0       7122   stm32f1xx_hal_flash_ex.o
       568         22          0          0          0       4747   stm32f1xx_hal_gpio.o
       600          0          0          0          0       8449   stm32f1xx_hal_msp.o
      1466          0         18          0          0       8007   stm32f1xx_hal_rcc.o
       258          0          0          0          0       3697   stm32f1xx_hal_rcc_ex.o
      2262          6          0          0          0      57662   stm32f1xx_hal_tim.o
       130          0          0          0          0      21033   stm32f1xx_hal_tim_ex.o
        52          0          0          0          0       4675   stm32f1xx_it.o
         2          0         16          4          0       1657   system_stm32f1xx.o

    ----------------------------------------------------------------------
     22368       2228        370        120       1936     240771   Object Totals
         0          0         32          0          0          0   (incl. Generated)
       146          0          0          0          4          0   (incl. Padding)

    ----------------------------------------------------------------------

      Code (inc. data)   RO Data    RW Data    ZI Data      Debug   Library Member Name

         0          0          0          0          0          0   entry.o
         0          0          0          0          0          0   entry10a.o
         0          0          0          0          0          0   entry11a.o
         8          4          0          0          0          0   entry2.o
         4          0          0          0          0          0   entry5.o
         0          0          0          0          0          0   entry7b.o
         0          0          0          0          0          0   entry8b.o
         8          4          0          0          0          0   entry9a.o
        30          0          0          0          0          0   handlers.o
        48         10          0          0          0         68   init.o
         0          0          0          0          0          0   iusefp.o
        30          0          0          0          0         68   llshl.o
        32          0          0          0          0         68   llushr.o
        56          0          0          0          0         88   d2f.o
       186          0          0          0          0        176   depilogue.o
        62          0          0          0          0         80   dfixi.o
        34          0          0          0          0         76   dflti.o
        26          0          0          0          0         76   dfltui.o
       228          0          0          0          0         96   dmul.o
        28          0          0          0          0         68   fcmpge.o
        28          0          0          0          0         68   fcmpgt.o
        28          0          0          0          0         68   fcmple.o
       124          0          0          0          0         88   fdiv.o
       110          0          0          0          0        168   fepilogue.o
        50          0          0          0          0         68   ffixi.o
        18          0          0          0          0         68   fflti.o
       100          0          0          0          0         76   fmul.o

    ----------------------------------------------------------------------
      1242         18          0          0          0       1468   Library Totals
         4          0          0          0          0          0   (incl. Padding)

    ----------------------------------------------------------------------

      Code (inc. data)   RO Data    RW Data    ZI Data      Debug   Library Name

       160         18          0          0          0        204   mc_w.l
      1078          0          0          0          0       1264   mf_w.l

    ----------------------------------------------------------------------
      1242         18          0          0          0       1468   Library Totals

    ----------------------------------------------------------------------

==============================================================================


      Code (inc. data)   RO Data    RW Data    ZI Data      Debug   

     23610       2246        370        120       1936     241143   Grand Totals
     23610       2246        370        120       1936     241143   ELF Image Totals
     23610       2246        370        120          0          0   ROM Totals

==============================================================================

    Total RO  Size (Code + RO Data)                23980 (  23.42kB)
    Total RW  Size (RW Data + ZI Data)              2056 (   2.01kB)
    Total ROM Size (Code + RO Data + RW Data)      24100 (  23.54kB)

==============================================================================

